<?xml version="1.0" encoding="UTF-8"?>
<robot generator="Robot 7.0.1 (Python 3.10.6 on linux)" generated="2024-06-16T22:37:54.751231" rpa="false" schemaversion="5">
<suite id="s1" name="Tests" source="/home/lance/Documents/Robot-FrameWork_TN/RF_EDM_G_WB/Tests">
<suite id="s1-s1" name="EDM-G-8MP with EDM-G WB" source="/home/lance/Documents/Robot-FrameWork_TN/RF_EDM_G_WB/Tests/EDM-G-8MP_with_EDM-G_WB.robot">
<kw name="Open Serial Port" owner="Common_Params" type="SETUP">
<kw name="Add Port" owner="SerialLibrary">
<arg>${SERIAL_PORT}</arg>
<arg>baudrate=115200</arg>
<arg>bytesize=8</arg>
<arg>parity=N</arg>
<arg>stopbits=1</arg>
<arg>timeout=60</arg>
<doc>Adds new port with specified locator.</doc>
<status status="PASS" start="2024-06-16T22:37:54.827525" elapsed="0.000850"/>
</kw>
<kw name="Reset Input Buffer" owner="SerialLibrary">
<arg>${SERIAL_PORT}</arg>
<doc>Clears input buffer.</doc>
<status status="PASS" start="2024-06-16T22:37:54.828533" elapsed="0.000170"/>
</kw>
<kw name="Reset Output Buffer" owner="SerialLibrary">
<arg>${SERIAL_PORT}</arg>
<doc>Clears outout buffer.</doc>
<status status="PASS" start="2024-06-16T22:37:54.828824" elapsed="0.000138"/>
</kw>
<status status="PASS" start="2024-06-16T22:37:54.826849" elapsed="0.002171"/>
</kw>
<test id="s1-s1-t1" name="Case TNPT-11" line="29">
<kw name="ETH Interface DOWN Test" owner="Eth_Inf_Down_Up">
<kw name="Write Data" owner="SerialLibrary">
<arg>ifconfig ${ETH_INF} down${\n}</arg>
<doc>Writes data into the port.</doc>
<status status="PASS" start="2024-06-16T22:37:54.829710" elapsed="0.000193"/>
</kw>
<kw name="Sleep" owner="BuiltIn">
<msg time="2024-06-16T22:37:55.830324" level="INFO">Slept 1 second.</msg>
<arg>1</arg>
<doc>Pauses the test executed for the given time.</doc>
<status status="PASS" start="2024-06-16T22:37:54.830025" elapsed="1.000412"/>
</kw>
<kw name="Write Data" owner="SerialLibrary">
<arg>ifconfig ${ETH_INF}${\n}</arg>
<doc>Writes data into the port.</doc>
<status status="PASS" start="2024-06-16T22:37:55.830665" elapsed="0.000265"/>
</kw>
<kw name="Sleep" owner="BuiltIn">
<msg time="2024-06-16T22:37:56.831354" level="INFO">Slept 1 second.</msg>
<arg>1</arg>
<doc>Pauses the test executed for the given time.</doc>
<status status="PASS" start="2024-06-16T22:37:55.831075" elapsed="1.000391"/>
</kw>
<kw name="Read All Data" owner="SerialLibrary">
<msg time="2024-06-16T22:37:56.831968" level="INFO">${ethlog} = ifconfig eth0 down
root@edm-g-imx8mm:~# ifconfig eth0
eth0: flags=4098&lt;BROADCAST,MULTICAST&gt;  mtu 1500
        ether 42:a4:14:70:97:89  txqueuelen 1000  (Ethernet)
        RX packets 0  bytes 0 (0....</msg>
<var>${ethlog}</var>
<arg>UTF-8</arg>
<doc>Read all available data from the port's incoming buffer.</doc>
<status status="PASS" start="2024-06-16T22:37:56.831693" elapsed="0.000300"/>
</kw>
<kw name="Log" owner="BuiltIn">
<msg time="2024-06-16T22:37:56.832256" level="INFO">ifconfig eth0 down
root@edm-g-imx8mm:~# ifconfig eth0
eth0: flags=4098&lt;BROADCAST,MULTICAST&gt;  mtu 1500
        ether 42:a4:14:70:97:89  txqueuelen 1000  (Ethernet)
        RX packets 0  bytes 0 (0.0 B)
        RX errors 0  dropped 0  overruns 0  frame 0
        TX packets 0  bytes 0 (0.0 B)
        TX errors 0  dropped 0 overruns 0  carrier 0  collisions 0

root@edm-g-imx8mm:~# </msg>
<arg>${ethlog}</arg>
<doc>Logs the given message with the given level.</doc>
<status status="PASS" start="2024-06-16T22:37:56.832142" elapsed="0.000154"/>
</kw>
<kw name="Should Not Contain" owner="BuiltIn">
<arg>${ethlog}</arg>
<arg>inet</arg>
<doc>Fails if ``container`` contains ``item`` one or more times.</doc>
<status status="PASS" start="2024-06-16T22:37:56.832414" elapsed="0.000124"/>
</kw>
<kw name="Ping Test After ETH down" owner="Eth_Inf_Down_Up">
<kw name="Ip4 Addr Finder" owner="EnvVariablesReturnLib">
<msg time="2024-06-16T22:37:56.835021" level="INFO">Console INF:enp6s0 Found IPv4 IP:10.21.77.31</msg>
<msg time="2024-06-16T22:37:56.835129" level="INFO">${DEST_IPv4} = 10.21.77.31</msg>
<var>${DEST_IPv4}</var>
<arg>${CONSOLE_ETH_INF}</arg>
<status status="PASS" start="2024-06-16T22:37:56.832966" elapsed="0.002191"/>
</kw>
<kw name="Write Data" owner="SerialLibrary">
<arg>ping -c ${PING_TIME} ${DEST_IPv4}${\n}</arg>
<doc>Writes data into the port.</doc>
<status status="PASS" start="2024-06-16T22:37:56.835362" elapsed="0.000315"/>
</kw>
<kw name="Read Until" owner="SerialLibrary">
<msg time="2024-06-16T22:37:56.864651" level="INFO">${Ipv4_pinglog} = ping -c 5 10.21.77.31
ping: connect: Network is unreachable
root@edm-g-imx8mm:~#</msg>
<var>${Ipv4_pinglog}</var>
<arg>${TERMINATOR}</arg>
<doc>Read until a termination sequence is found, size exceeded or timeout.</doc>
<status status="PASS" start="2024-06-16T22:37:56.835873" elapsed="0.028821"/>
</kw>
<kw name="Log" owner="BuiltIn">
<msg time="2024-06-16T22:37:56.865113" level="INFO">ping -c 5 10.21.77.31
ping: connect: Network is unreachable
root@edm-g-imx8mm:~#</msg>
<arg>${Ipv4_pinglog}</arg>
<doc>Logs the given message with the given level.</doc>
<status status="PASS" start="2024-06-16T22:37:56.864932" elapsed="0.000220"/>
</kw>
<kw name="Should Contain" owner="BuiltIn">
<arg>${Ipv4_pinglog}</arg>
<arg>${ERR_MESSAGE}</arg>
<doc>Fails if ``container`` does not contain ``item`` one or more times.</doc>
<status status="PASS" start="2024-06-16T22:37:56.865281" elapsed="0.000148"/>
</kw>
<status status="PASS" start="2024-06-16T22:37:56.832720" elapsed="0.032772"/>
</kw>
<status status="PASS" start="2024-06-16T22:37:54.829479" elapsed="2.036056"/>
</kw>
<kw name="ETH Interface UP Test" owner="Eth_Inf_Down_Up">
<kw name="Write Data" owner="SerialLibrary">
<arg>ifconfig ${ETH_INF} up${\n}</arg>
<doc>Writes data into the port.</doc>
<status status="PASS" start="2024-06-16T22:37:56.866164" elapsed="0.000228"/>
</kw>
<kw name="Read Until" owner="SerialLibrary">
<msg time="2024-06-16T22:38:57.181206" level="INFO">${ethlog} =  ifconfig eth0 up
[  747.794181] RTL8211F Gigabit Ethernet 30be0000.ethernet-1:01: attached PHY driver (mii_bus:phy_addr=30be0000.ethernet-1:01, irq=POLL)
root@edm-g-imx8mm:~# </msg>
<var>${ethlog}</var>
<arg>${Link_up_event}</arg>
<doc>Read until a termination sequence is found, size exceeded or timeout.</doc>
<status status="PASS" start="2024-06-16T22:37:56.866537" elapsed="60.314712"/>
</kw>
<kw name="Log" owner="BuiltIn">
<msg time="2024-06-16T22:38:57.181741" level="INFO"> ifconfig eth0 up
[  747.794181] RTL8211F Gigabit Ethernet 30be0000.ethernet-1:01: attached PHY driver (mii_bus:phy_addr=30be0000.ethernet-1:01, irq=POLL)
root@edm-g-imx8mm:~# </msg>
<arg>${ethlog}</arg>
<doc>Logs the given message with the given level.</doc>
<status status="PASS" start="2024-06-16T22:38:57.181520" elapsed="0.000281"/>
</kw>
<kw name="Sleep" owner="BuiltIn">
<msg time="2024-06-16T22:39:02.182300" level="INFO">Slept 5 seconds.</msg>
<arg>5</arg>
<doc>Pauses the test executed for the given time.</doc>
<status status="PASS" start="2024-06-16T22:38:57.181979" elapsed="5.000442"/>
</kw>
<kw name="Write Data" owner="SerialLibrary">
<arg>ifconfig ${ETH_INF} | grep -E "inet "${\n}</arg>
<doc>Writes data into the port.</doc>
<status status="PASS" start="2024-06-16T22:39:02.182639" elapsed="0.000271"/>
</kw>
<kw name="Read Until" owner="SerialLibrary">
<msg time="2024-06-16T22:39:02.204891" level="INFO">${ethlog} = ifconfig eth0 | grep -E "inet "
root@edm-g-imx8mm:~#</msg>
<var>${ethlog}</var>
<arg>${TERMINATOR}</arg>
<doc>Read until a termination sequence is found, size exceeded or timeout.</doc>
<status status="PASS" start="2024-06-16T22:39:02.183037" elapsed="0.021899"/>
</kw>
<kw name="Log" owner="BuiltIn">
<msg time="2024-06-16T22:39:02.205348" level="INFO">ifconfig eth0 | grep -E "inet "
root@edm-g-imx8mm:~#</msg>
<arg>${ethlog}</arg>
<doc>Logs the given message with the given level.</doc>
<status status="PASS" start="2024-06-16T22:39:02.205174" elapsed="0.000213"/>
</kw>
<kw name="Should Contain" owner="BuiltIn">
<arg>${ethlog}</arg>
<arg>inet</arg>
<doc>Fails if ``container`` does not contain ``item`` one or more times.</doc>
<status status="PASS" start="2024-06-16T22:39:02.205509" elapsed="0.000124"/>
</kw>
<kw name="Ping Test After ETH up" owner="Eth_Inf_Down_Up">
<kw name="Ip4 Addr Finder" owner="EnvVariablesReturnLib">
<msg time="2024-06-16T22:39:02.208228" level="INFO">Console INF:enp6s0 Found IPv4 IP:10.21.77.31</msg>
<msg time="2024-06-16T22:39:02.208304" level="INFO">${DEST_IPv4} = 10.21.77.31</msg>
<var>${DEST_IPv4}</var>
<arg>${CONSOLE_ETH_INF}</arg>
<status status="PASS" start="2024-06-16T22:39:02.206158" elapsed="0.002165"/>
</kw>
<kw name="Write Data" owner="SerialLibrary">
<arg>ping -c ${PING_TIME} ${DEST_IPv4}${\n}</arg>
<doc>Writes data into the port.</doc>
<status status="PASS" start="2024-06-16T22:39:02.208456" elapsed="0.000212"/>
</kw>
<kw name="Read Until" owner="SerialLibrary">
<msg time="2024-06-16T22:39:02.243449" level="INFO">${Ipv4_pinglog} =  ping -c 5 10.21.77.31
ping: connect: Network is unreachable
root@edm-g-imx8mm:~#</msg>
<var>${Ipv4_pinglog}</var>
<arg>${TERMINATOR}</arg>
<doc>Read until a termination sequence is found, size exceeded or timeout.</doc>
<status status="PASS" start="2024-06-16T22:39:02.208795" elapsed="0.034698"/>
</kw>
<kw name="Log" owner="BuiltIn">
<msg time="2024-06-16T22:39:02.243890" level="INFO"> ping -c 5 10.21.77.31
ping: connect: Network is unreachable
root@edm-g-imx8mm:~#</msg>
<arg>${Ipv4_pinglog}</arg>
<doc>Logs the given message with the given level.</doc>
<status status="PASS" start="2024-06-16T22:39:02.243716" elapsed="0.000212"/>
</kw>
<kw name="Should Not Contain" owner="BuiltIn">
<msg time="2024-06-16T22:39:02.244244" level="FAIL">' ping -c 5 10.21.77.31
ping: connect: Network is unreachable
root@edm-g-imx8mm:~#' contains 'Network is unreachable'</msg>
<arg>${Ipv4_pinglog}</arg>
<arg>${ERR_MESSAGE}</arg>
<doc>Fails if ``container`` contains ``item`` one or more times.</doc>
<status status="FAIL" start="2024-06-16T22:39:02.244049" elapsed="0.000268">' ping -c 5 10.21.77.31
ping: connect: Network is unreachable
root@edm-g-imx8mm:~#' contains 'Network is unreachable'</status>
</kw>
<kw name="Check Ping Count" owner="Eth_Ip_Ping">
<arg>${PING_TIME}</arg>
<arg>${Ipv4_pinglog}</arg>
<status status="NOT RUN" start="2024-06-16T22:39:02.244499" elapsed="0.000022"/>
</kw>
<status status="FAIL" start="2024-06-16T22:39:02.205818" elapsed="0.038801">' ping -c 5 10.21.77.31
ping: connect: Network is unreachable
root@edm-g-imx8mm:~#' contains 'Network is unreachable'</status>
</kw>
<status status="FAIL" start="2024-06-16T22:37:56.865847" elapsed="65.378841">' ping -c 5 10.21.77.31
ping: connect: Network is unreachable
root@edm-g-imx8mm:~#' contains 'Network is unreachable'</status>
</kw>
<doc>Giga LAN - Ethernet Interface UP/DOWN</doc>
<tag>Test A-System and Function</tag>
<status status="FAIL" start="2024-06-16T22:37:54.829083" elapsed="67.415807">' ping -c 5 10.21.77.31
ping: connect: Network is unreachable
root@edm-g-imx8mm:~#' contains 'Network is unreachable'</status>
</test>
<test id="s1-s1-t2" name="Case TNPT-153" line="35">
<kw name="Enable The Watchdog Via Devfs" owner="WatchDog_Test">
<kw name="Write Data" owner="SerialLibrary">
<arg>echo 1 &gt; /dev/watchdog${\n}</arg>
<doc>Writes data into the port.</doc>
<status status="PASS" start="2024-06-16T22:39:02.245727" elapsed="0.000155"/>
</kw>
<kw name="Read Until" owner="SerialLibrary">
<msg time="2024-06-16T22:39:02.264960" level="INFO">${watchdog_en_log} =  echo 1 &gt; /dev/watchdog
[  812.922396] watchdog: watchdog0: watchdog did not stop!
root@edm-g-imx8mm:~#</msg>
<var>${watchdog_en_log}</var>
<arg>${TERMINATOR}</arg>
<doc>Read until a termination sequence is found, size exceeded or timeout.</doc>
<status status="PASS" start="2024-06-16T22:39:02.246012" elapsed="0.018993"/>
</kw>
<kw name="Log" owner="BuiltIn">
<msg time="2024-06-16T22:39:02.265413" level="INFO"> echo 1 &gt; /dev/watchdog
[  812.922396] watchdog: watchdog0: watchdog did not stop!
root@edm-g-imx8mm:~#</msg>
<arg>${watchdog_en_log}</arg>
<doc>Logs the given message with the given level.</doc>
<status status="PASS" start="2024-06-16T22:39:02.265236" elapsed="0.000217"/>
</kw>
<status status="PASS" start="2024-06-16T22:39:02.245482" elapsed="0.020030"/>
</kw>
<kw name="Trigger The Watchdog Via Test Commandline" owner="WatchDog_Test">
<kw name="Write Data" owner="SerialLibrary">
<arg>echo c &gt; /proc/sysrq-trigger${\n}</arg>
<doc>Writes data into the port.</doc>
<status status="PASS" start="2024-06-16T22:39:02.266091" elapsed="0.000158"/>
</kw>
<kw name="Sleep" owner="BuiltIn">
<msg time="2024-06-16T22:39:03.266633" level="INFO">Slept 1 second.</msg>
<arg>1</arg>
<doc>Pauses the test executed for the given time.</doc>
<status status="PASS" start="2024-06-16T22:39:02.266371" elapsed="1.000372"/>
</kw>
<kw name="Read Until" owner="SerialLibrary">
<msg time="2024-06-16T22:39:03.273075" level="INFO">${trigger_log} =  echo c &gt; /proc/sysrq-trigger
[  812.942338] sysrq: Trigger a crash
[  812.945753] Kernel panic - not syncing: sysrq triggered crash
[  812.951499] CPU: 2 PID: 583 Comm: sh Tainted: G           O  ...</msg>
<var>${trigger_log}</var>
<arg>${crash_message}</arg>
<doc>Read until a termination sequence is found, size exceeded or timeout.</doc>
<status status="PASS" start="2024-06-16T22:39:03.266964" elapsed="0.006135"/>
</kw>
<kw name="Log" owner="BuiltIn">
<msg time="2024-06-16T22:39:03.273351" level="INFO"> echo c &gt; /proc/sysrq-trigger
[  812.942338] sysrq: Trigger a crash
[  812.945753] Kernel panic - not syncing: sysrq triggered crash
[  812.951499] CPU: 2 PID: 583 Comm: sh Tainted: G           O      5.15.71+g45d3db9701ef #1
[  812.959676] Hardware name: TechNexion EDM-G-IMX8MM and WB baseboard (DT)
[  812.966375] Call trace:
[  812.968818]  dump_backtrace+0x0/0x19c
[  812.972486]  show_stack+0x18/0x70
[  812.975801]  dump_stack_lvl+0x68/0x84
[  812.979464]  dump_stack+0x18/0x34
[  812.982778]  panic+0x15c/0x31c
[  812.985832]  sysrq_reset_seq_param_set+0x0/0x90
[  812.990363]  __handle_sysrq+0x8c/0x1a0
[  812.994111]  write_sysrq_trigger+0x88/0x120
[  812.998293]  proc_reg_write+0xa8/0xec
[  813.001956]  vfs_write+0xf0/0x290
[  813.005271]  ksys_write+0x68/0xf4
[  813.008585]  __arm64_sys_write+0x1c/0x2c
[  813.012506]  invoke_syscall+0x48/0x114
[  813.016254]  el0_svc_common.constprop.0+0xd4/0xfc
[  813.020957]  do_el0_svc+0x28/0x90
[  813.024271]  el0_svc+0x28/0x80
[  813.027326]  el0t_64_sync_handler+0xa4/0x130
[  813.031595]  el0t_64_sync+0x1a0/0x1a4
[  813.035258] SMP: stopping secondary CPUs
[  813.039182] Kernel Offset: disabled
[  813.042667] CPU features: 0x00002001,20000846
[  813.047022] Memory Limit: none
[  813.050077] ---[ end Kernel panic - not syncing: sysrq triggered crash</msg>
<arg>${trigger_log}</arg>
<doc>Logs the given message with the given level.</doc>
<status status="PASS" start="2024-06-16T22:39:03.273243" elapsed="0.000153"/>
</kw>
<kw name="Should Contain" owner="BuiltIn">
<arg>${trigger_log}</arg>
<arg>${crash_message}</arg>
<doc>Fails if ``container`` does not contain ``item`` one or more times.</doc>
<status status="PASS" start="2024-06-16T22:39:03.273523" elapsed="0.000141"/>
</kw>
<kw name="Sleep" owner="BuiltIn">
<msg time="2024-06-16T22:39:33.274064" level="INFO">Slept 30 seconds.</msg>
<arg>30</arg>
<doc>Pauses the test executed for the given time.</doc>
<status status="PASS" start="2024-06-16T22:39:03.273783" elapsed="30.000393"/>
</kw>
<kw name="Write Data" owner="SerialLibrary">
<arg>\n</arg>
<doc>Writes data into the port.</doc>
<status status="PASS" start="2024-06-16T22:39:33.274394" elapsed="0.000194"/>
</kw>
<kw name="Read Until" owner="SerialLibrary">
<msg time="2024-06-16T22:40:19.489424" level="INFO">${reboot_log} =  ]---
���P0�����������
U-Boot SPL 2022.04-AUTOINC+gd5886ef0c7 (Dec 26 2023 - 09:32:37 +0000)
Can't find PMIC:PCA9450
dram_init: LPDDR4 4GB
DDRINFO: start DRAM init
DDRI...</msg>
<var>${reboot_log}</var>
<arg>${LOGIN_PROMPT}</arg>
<doc>Read until a termination sequence is found, size exceeded or timeout.</doc>
<status status="PASS" start="2024-06-16T22:39:33.274713" elapsed="46.214763"/>
</kw>
<kw name="Log" owner="BuiltIn">
<msg time="2024-06-16T22:40:19.489930" level="INFO"> ]---
���P0�����������
U-Boot SPL 2022.04-AUTOINC+gd5886ef0c7 (Dec 26 2023 - 09:32:37 +0000)
Can't find PMIC:PCA9450
dram_init: LPDDR4 4GB
DDRINFO: start DRAM init
DDRINFO: DRAM rate 3000MTS
DDRINFO:ddrphy calibration done
DDRINFO: ddrmix config done
Normal Boot
Trying to boot from MMC2
NOTICE:  BL31: v2.6(release):lf-5.15.71-2.2.2-0-gf4540f956
NOTICE:  BL31: Built : 06:10:48, Apr 13 2023


U-Boot 2022.04-AUTOINC+gd5886ef0c7 (Dec 26 2023 - 09:32:37 +0000)

alloc space exhausted
CPU:   i.MX8MMQ rev1.0 1800 MHz (running at 1200 MHz)
CPU:   Commercial temperature grade (0C to 95C) at 63C
Reset cause: POR
Model: TechNexion EDM-G-IMX8MM and Wandboard baseboard
DRAM:  alloc space exhausted
4 GiB
Core:  75 devices, 20 uclasses, devicetree: separate
MMC:   FSL_SDHC: 0, FSL_SDHC: 1, FSL_SDHC: 2
Loading Environment from MMC... OK
Fail to setup video link
In:    serial
Out:   serial
Err:   serial
SEC0:  RNG instantiated

 BuildInfo:
  - ATF f4540f9

########switch to partitions #0, OK
mmc2(part 0) is current device
flash target is MMC:2
Net:   eth0: ethernet@30be0000
Fastboot: Normal
Normal Boot
Hit any key to stop autoboot:  2  1  0 
starting USB...
Bus usb@32e40000: Port not available.
Bus usb@32e50000: USB EHCI 1.00
scanning bus usb@32e50000 for devices... 3 USB Device(s) found
       scanning usb for storage devices... 0 Storage Device(s) found

Device 0: unknown device
MMC: no card present
switch to partitions #0, OK
mmc2(part 0) is current device
Scanning mmc 2:1...
60746 bytes read in 2 ms (29 MiB/s)
7[r[999;999H[6n8Card did not respond to voltage select! : -110
Scanning disk mmc@30b40000.blk...
Disk mmc@30b40000.blk not ready
MMC: no card present
Scanning disk mmc@30b50000.blk...
Disk mmc@30b50000.blk not ready
Scanning disk mmc@30b60000.blk...
Found 3 disks
No EFI system partition
BootOrder not defined
EFI boot manager: Cannot load any image
Running BSP bootcmd ...
switch to partitions #0, OK
mmc2(part 0) is current device
Failed to load 'boot.scr'
26841600 bytes read in 155 ms (165.1 MiB/s)
Booting from mmc ...
60746 bytes read in 2 ms (29 MiB/s)
Overlaying sn65dsi84-vl10112880...
Loading imx8mm-edm-g-wb-sn65dsi84-vl10112880.dtbo...
2990 bytes read in 1 ms (2.9 MiB/s)
Moving Image from 0x40480000 to 0x40600000, end=42030000
## Flattened Device Tree blob at 43000000
   Booting using the fdt blob at 0x43000000
   Using Device Tree in place at 0000000043000000, end 0000000043019fff

Starting kernel ...

[    0.000000] Booting Linux on physical CPU 0x0000000000 [0x410fd034]
[    0.000000] Linux version 5.15.71+g45d3db9701ef (oe-user@oe-host) (aarch64-poky-linux-gcc (GCC) 11.3.0, GNU ld (GNU Binutils) 2.38.20220708) #1 SMP PREEMPT Thu Feb 15 08:24:24 UTC 2024
[    0.000000] Machine model: TechNexion EDM-G-IMX8MM and WB baseboard
[    0.000000] efi: UEFI not found.
[    0.000000] Reserved memory: created CMA memory pool at 0x0000000098000000, size 640 MiB
[    0.000000] OF: reserved mem: initialized node linux,cma, compatible id shared-dma-pool
[    0.000000] NUMA: No NUMA configuration found
[    0.000000] NUMA: Faking a node at [mem 0x0000000040000000-0x000000013fffffff]
[    0.000000] NUMA: NODE_DATA [mem 0x13f7b5700-0x13f7b7fff]
[    0.000000] Zone ranges:
[    0.000000]   DMA      [mem 0x0000000040000000-0x00000000ffffffff]
[    0.000000]   DMA32    empty
[    0.000000]   Normal   [mem 0x0000000100000000-0x000000013fffffff]
[    0.000000] Movable zone start for each node
[    0.000000] Early memory node ranges
[    0.000000]   node   0: [mem 0x0000000040000000-0x000000013fffffff]
[    0.000000] Initmem setup node 0 [mem 0x0000000040000000-0x000000013fffffff]
[    0.000000] psci: probing for conduit method from DT.
[    0.000000] psci: PSCIv1.1 detected in firmware.
[    0.000000] psci: Using standard PSCI v0.2 function IDs
[    0.000000] psci: MIGRATE_INFO_TYPE not supported.
[    0.000000] psci: SMC Calling Convention v1.2
[    0.000000] percpu: Embedded 20 pages/cpu s41368 r8192 d32360 u81920
[    0.000000] Detected VIPT I-cache on CPU0
[    0.000000] CPU features: detected: GIC system register CPU interface
[    0.000000] CPU features: detected: ARM erratum 845719
[    0.000000] Built 1 zonelists, mobility grouping on.  Total pages: 1032192
[    0.000000] Policy zone: Normal
[    0.000000] Kernel command line: console=ttymxc1,115200 root=/dev/mmcblk2p2 rootwait rw
[    0.000000] Dentry cache hash table entries: 524288 (order: 10, 4194304 bytes, linear)
[    0.000000] Inode-cache hash table entries: 262144 (order: 9, 2097152 bytes, linear)
[    0.000000] mem auto-init: stack:off, heap alloc:off, heap free:off
[    0.000000] software IO TLB: mapped [mem 0x00000000fbfff000-0x00000000fffff000] (64MB)
[    0.000000] Memory: 3365272K/4194304K available (16768K kernel code, 1444K rwdata, 5204K rodata, 2688K init, 535K bss, 173672K reserved, 655360K cma-reserved)
[    0.000000] SLUB: HWalign=64, Order=0-3, MinObjects=0, CPUs=4, Nodes=1
[    0.000000] rcu: Preemptible hierarchical RCU implementation.
[    0.000000] rcu: 	RCU event tracing is enabled.
[    0.000000] rcu: 	RCU restricting CPUs from NR_CPUS=256 to nr_cpu_ids=4.
[    0.000000] 	Trampoline variant of Tasks RCU enabled.
[    0.000000] rcu: RCU calculated value of scheduler-enlistment delay is 25 jiffies.
[    0.000000] rcu: Adjusting geometry for rcu_fanout_leaf=16, nr_cpu_ids=4
[    0.000000] NR_IRQS: 64, nr_irqs: 64, preallocated irqs: 0
[    0.000000] GICv3: GIC: Using split EOI/Deactivate mode
[    0.000000] GICv3: 128 SPIs implemented
[    0.000000] GICv3: 0 Extended SPIs implemented
[    0.000000] GICv3: Distributor has no Range Selector support
[    0.000000] Root IRQ handler: gic_handle_irq
[    0.000000] GICv3: 16 PPIs implemented
[    0.000000] GICv3: CPU0: found redistributor 0 region 0:0x0000000038880000
[    0.000000] ITS: No ITS available, not enabling LPIs
[    0.000000] arch_timer: cp15 timer(s) running at 8.00MHz (phys).
[    0.000000] clocksource: arch_sys_counter: mask: 0xffffffffffffff max_cycles: 0x1d854df40, max_idle_ns: 440795202120 ns
[    0.000000] sched_clock: 56 bits at 8MHz, resolution 125ns, wraps every 2199023255500ns
[    0.000425] Console: colour dummy device 80x25
[    0.000494] Calibrating delay loop (skipped), value calculated using timer frequency.. 16.00 BogoMIPS (lpj=32000)
[    0.000507] pid_max: default: 32768 minimum: 301
[    0.000563] LSM: Security Framework initializing
[    0.000655] Mount-cache hash table entries: 8192 (order: 4, 65536 bytes, linear)
[    0.000676] Mountpoint-cache hash table entries: 8192 (order: 4, 65536 bytes, linear)
[    0.002065] rcu: Hierarchical SRCU implementation.
[    0.003098] EFI services will not be available.
[    0.003290] smp: Bringing up secondary CPUs ...
[    0.003715] Detected VIPT I-cache on CPU1
[    0.003745] GICv3: CPU1: found redistributor 1 region 0:0x00000000388a0000
[    0.003789] CPU1: Booted secondary processor 0x0000000001 [0x410fd034]
[    0.004302] Detected VIPT I-cache on CPU2
[    0.004325] GICv3: CPU2: found redistributor 2 region 0:0x00000000388c0000
[    0.004351] CPU2: Booted secondary processor 0x0000000002 [0x410fd034]
[    0.004770] Detected VIPT I-cache on CPU3
[    0.004795] GICv3: CPU3: found redistributor 3 region 0:0x00000000388e0000
[    0.004817] CPU3: Booted secondary processor 0x0000000003 [0x410fd034]
[    0.004873] smp: Brought up 1 node, 4 CPUs
[    0.004900] SMP: Total of 4 processors activated.
[    0.004906] CPU features: detected: 32-bit EL0 Support
[    0.004910] CPU features: detected: 32-bit EL1 Support
[    0.004920] CPU features: detected: CRC32 instructions
[    0.012041] CPU: All CPU(s) started at EL2
[    0.012076] alternatives: patching kernel code
[    0.013668] devtmpfs: initialized
[    0.020506] KASLR disabled due to lack of seed
[    0.020653] clocksource: jiffies: mask: 0xffffffff max_cycles: 0xffffffff, max_idle_ns: 7645041785100000 ns
[    0.020671] futex hash table entries: 1024 (order: 4, 65536 bytes, linear)
[    0.039298] pinctrl core: initialized pinctrl subsystem
[    0.039821] DMI not present or invalid.
[    0.040440] NET: Registered PF_NETLINK/PF_ROUTE protocol family
[    0.045445] DMA: preallocated 512 KiB GFP_KERNEL pool for atomic allocations
[    0.045806] DMA: preallocated 512 KiB GFP_KERNEL|GFP_DMA pool for atomic allocations
[    0.046179] DMA: preallocated 512 KiB GFP_KERNEL|GFP_DMA32 pool for atomic allocations
[    0.046282] audit: initializing netlink subsys (disabled)
[    0.046511] audit: type=2000 audit(0.044:1): state=initialized audit_enabled=0 res=1
[    0.047068] thermal_sys: Registered thermal governor 'step_wise'
[    0.047074] thermal_sys: Registered thermal governor 'power_allocator'
[    0.047254] cpuidle: using governor menu
[    0.047443] hw-breakpoint: found 6 breakpoint and 4 watchpoint registers.
[    0.047530] ASID allocator initialised with 65536 entries
[    0.048427] imx mu driver is registered.
[    0.048447] imx rpmsg driver is registered.
[    0.058213] imx8mm-pinctrl 30330000.pinctrl: initialized IMX pinctrl driver
[    0.068454] platform 32e10000.mipi_dsi: Fixing up cyclic dependency with 32e00000.lcdif
[    0.089301] HugeTLB registered 1.00 GiB page size, pre-allocated 0 pages
[    0.089319] HugeTLB registered 32.0 MiB page size, pre-allocated 0 pages
[    0.089326] HugeTLB registered 2.00 MiB page size, pre-allocated 0 pages
[    0.089333] HugeTLB registered 64.0 KiB page size, pre-allocated 0 pages
[    0.090485] cryptd: max_cpu_qlen set to 1000
[    0.093533] ACPI: Interpreter disabled.
[    0.094081] iommu: Default domain type: Translated 
[    0.094089] iommu: DMA domain TLB invalidation policy: strict mode 
[    0.094250] vgaarb: loaded
[    0.094519] SCSI subsystem initialized
[    0.094827] usbcore: registered new interface driver usbfs
[    0.094861] usbcore: registered new interface driver hub
[    0.094895] usbcore: registered new device driver usb
[    0.095685] mc: Linux media interface: v0.10
[    0.095710] videodev: Linux video capture interface: v2.00
[    0.095780] pps_core: LinuxPPS API ver. 1 registered
[    0.095788] pps_core: Software ver. 5.3.6 - Copyright 2005-2007 Rodolfo Giometti &lt;giometti@linux.it&gt;
[    0.095803] PTP clock support registered
[    0.095950] EDAC MC: Ver: 3.0.0
[    0.097006] Advanced Linux Sound Architecture Driver Initialized.
[    0.097635] Bluetooth: Core ver 2.22
[    0.097664] NET: Registered PF_BLUETOOTH protocol family
[    0.097670] Bluetooth: HCI device and connection manager initialized
[    0.097682] Bluetooth: HCI socket layer initialized
[    0.097692] Bluetooth: L2CAP socket layer initialized
[    0.097706] Bluetooth: SCO socket layer initialized
[    0.098284] clocksource: Switched to clocksource arch_sys_counter
[    0.098425] VFS: Disk quotas dquot_6.6.0
[    0.098470] VFS: Dquot-cache hash table entries: 512 (order 0, 4096 bytes)
[    0.098622] pnp: PnP ACPI: disabled
[    0.104314] NET: Registered PF_INET protocol family
[    0.104508] IP idents hash table entries: 65536 (order: 7, 524288 bytes, linear)
[    0.106098] tcp_listen_portaddr_hash hash table entries: 2048 (order: 3, 32768 bytes, linear)
[    0.106175] Table-perturb hash table entries: 65536 (order: 6, 262144 bytes, linear)
[    0.106191] TCP established hash table entries: 32768 (order: 6, 262144 bytes, linear)
[    0.106417] TCP bind hash table entries: 32768 (order: 7, 524288 bytes, linear)
[    0.106888] TCP: Hash tables configured (established 32768 bind 32768)
[    0.106990] UDP hash table entries: 2048 (order: 4, 65536 bytes, linear)
[    0.107072] UDP-Lite hash table entries: 2048 (order: 4, 65536 bytes, linear)
[    0.107264] NET: Registered PF_UNIX/PF_LOCAL protocol family
[    0.107674] RPC: Registered named UNIX socket transport module.
[    0.107682] RPC: Registered udp transport module.
[    0.107689] RPC: Registered tcp transport module.
[    0.107695] RPC: Registered tcp NFSv4.1 backchannel transport module.
[    0.108416] PCI: CLS 0 bytes, default 64
[    0.108965] hw perfevents: enabled with armv8_cortex_a53 PMU driver, 7 counters available
[    0.109700] kvm [1]: IPA Size Limit: 40 bits
[    0.110849] kvm [1]: GICv3: no GICV resource entry
[    0.110857] kvm [1]: disabling GICv2 emulation
[    0.110870] kvm [1]: GIC system register CPU interface enabled
[    0.110956] kvm [1]: vgic interrupt IRQ9
[    0.111079] kvm [1]: Hyp mode initialized successfully
[    0.114410] Initialise system trusted keyrings
[    0.114567] workingset: timestamp_bits=42 max_order=20 bucket_order=0
[    0.120132] squashfs: version 4.0 (2009/01/31) Phillip Lougher
[    0.120820] 9p: Installing v9fs 9p2000 file system support
[    0.155923] NET: Registered PF_ALG protocol family
[    0.155938] Key type asymmetric registered
[    0.155944] Asymmetric key parser 'x509' registered
[    0.155996] Block layer SCSI generic (bsg) driver version 0.4 loaded (major 244)
[    0.156005] io scheduler mq-deadline registered
[    0.156011] io scheduler kyber registered
[    0.161560] EINJ: ACPI disabled.
[    0.171278] imx-sdma 302c0000.dma-controller: Direct firmware load for imx/sdma/sdma-imx7d.bin failed with error -2
[    0.171301] imx-sdma 302c0000.dma-controller: Falling back to sysfs fallback for: imx/sdma/sdma-imx7d.bin
[    0.177510] mxs-dma 33000000.dma-controller: initialized
[    0.178713] SoC: i.MX8MM revision 1.0
[    0.179263] Bus freq driver module loaded
[    0.184586] 30860000.serial: ttymxc0 at MMIO 0x30860000 (irq = 42, base_baud = 5000000) is a IMX
[    0.185089] 30880000.serial: ttymxc2 at MMIO 0x30880000 (irq = 43, base_baud = 5000000) is a IMX
[    0.185409] clk: failed to reparent uart2 to sys_pll1_80m: -16
[    0.185532] 30890000.serial: ttymxc1 at MMIO 0x30890000 (irq = 44, base_baud = 1500000) is a IMX
[    1.183363] printk: console [ttymxc1] enabled
[    1.195988] imx-drm 32c00000.bus:display-subsystem: bound imx-lcdif-crtc.0 (ops 0xffff80000914bdd0)
[    1.205203] imx_sec_dsim_drv 32e10000.mipi_dsi: version number is 0x1060200
[    1.212393] [drm:drm_bridge_attach] *ERROR* failed to attach bridge /soc@0/bus@32c00000/mipi_dsi@32e10000 to encoder DSI-34: -19
[    1.223990] imx_sec_dsim_drv 32e10000.mipi_dsi: Failed to attach bridge: 32e10000.mipi_dsi
[    1.232326] imx_sec_dsim_drv 32e10000.mipi_dsi: failed to bind sec dsim bridge: -517
[    1.249296] loop: module loaded
[    1.252603] pn54x_dev_init
[    1.256307] of_reserved_mem_lookup() returned NULL
[    1.261185] megasas: 07.717.02.00-rc1
[    1.266352] imx ahci driver is registered.
[    1.274401] tun: Universal TUN/TAP device driver, 1.6
[    1.281184] PPP generic driver version 2.4.2
[    1.285773] VFIO - User Level meta-driver version: 0.3
[    1.293048] ehci_hcd: USB 2.0 'Enhanced' Host Controller (EHCI) Driver
[    1.299597] ehci-pci: EHCI PCI platform driver
[    1.304076] ehci-platform: EHCI generic platform driver
[    1.309482] ohci_hcd: USB 1.1 'Open' Host Controller (OHCI) Driver
[    1.315686] ohci-pci: OHCI PCI platform driver
[    1.320165] ohci-platform: OHCI generic platform driver
[    1.326110] usbcore: registered new interface driver uas
[    1.331472] usbcore: registered new interface driver usb-storage
[    1.337543] usbcore: registered new interface driver usbserial_generic
[    1.344095] usbserial: USB Serial support registered for generic
[    1.350138] usbcore: registered new interface driver ftdi_sio
[    1.355909] usbserial: USB Serial support registered for FTDI USB Serial Device
[    1.363252] usbcore: registered new interface driver usb_serial_simple
[    1.369800] usbserial: USB Serial support registered for carelink
[    1.375919] usbserial: USB Serial support registered for zio
[    1.381596] usbserial: USB Serial support registered for funsoft
[    1.387628] usbserial: USB Serial support registered for flashloader
[    1.394002] usbserial: USB Serial support registered for google
[    1.399942] usbserial: USB Serial support registered for libtransistor
[    1.406488] usbserial: USB Serial support registered for vivopay
[    1.412518] usbserial: USB Serial support registered for moto_modem
[    1.418805] usbserial: USB Serial support registered for motorola_tetra
[    1.425439] usbserial: USB Serial support registered for nokia
[    1.431292] usbserial: USB Serial support registered for novatel_gps
[    1.437667] usbserial: USB Serial support registered for hp4x
[    1.443432] usbserial: USB Serial support registered for suunto
[    1.449370] usbserial: USB Serial support registered for siemens_mpi
[    1.455752] usbcore: registered new interface driver xr_serial
[    1.461605] usbserial: USB Serial support registered for xr_serial
[    1.470351] usbcore: registered new interface driver usbtouchscreen
[    1.477403] snvs_rtc 30370000.snvs:snvs-rtc-lp: registered as rtc0
[    1.483718] i2c_dev: i2c /dev entries driver
[    1.491158] Bluetooth: HCI UART driver ver 2.3
[    1.495628] Bluetooth: HCI UART protocol H4 registered
[    1.500783] Bluetooth: HCI UART protocol BCSP registered
[    1.506121] Bluetooth: HCI UART protocol LL registered
[    1.511269] Bluetooth: HCI UART protocol ATH3K registered
[    1.516690] Bluetooth: HCI UART protocol Three-wire (H5) registered
[    1.523047] Bluetooth: HCI UART protocol Broadcom registered
[    1.528733] Bluetooth: HCI UART protocol QCA registered
[    1.535369] sdhci: Secure Digital Host Controller Interface driver
[    1.541573] sdhci: Copyright(c) Pierre Ossman
[    1.546564] Synopsys Designware Multimedia Card Interface Driver
[    1.553150] sdhci-pltfm: SDHCI platform and OF driver helper
[    1.560816] ledtrig-cpu: registered to indicate activity on CPUs
[    1.567772] SMCCC: SOC_ID: ARCH_SOC_ID not implemented, skipping ....
[    1.574749] usbcore: registered new interface driver usbhid
[    1.580334] usbhid: USB HID core driver
[    1.588271]  cs_system_cfg: CoreSight Configuration manager initialised
[    1.592454] mmc2: SDHCI controller on 30b60000.mmc [30b60000.mmc] using ADMA
[    1.597573] galcore: clk_get vg clock failed, disable vg!
[    1.607745] Galcore version 6.4.3.p4.398061
[    1.669912] [drm] Initialized vivante 1.0.0 20170808 for 38000000.gpu on minor 0
[    1.676260] mmc2: new HS400 Enhanced strobe MMC card at address 0001
[    1.678820] hantrodec 0 : module inserted. Major = 234
[    1.684799] mmcblk2: mmc2:0001 TX2932 29.1 GiB 
[    1.689389] hantrodec 1 : module inserted. Major = 234
[    1.698907]  mmcblk2: p1 p2
[    1.699573] hx280enc: module inserted. Major &lt;511&gt;
[    1.703447] mmcblk2boot0: mmc2:0001 TX2932 4.00 MiB 
[    1.710251] NET: Registered PF_LLC protocol family
[    1.712870] mmcblk2boot1: mmc2:0001 TX2932 4.00 MiB 
[    1.716777] NET: Registered PF_INET6 protocol family
[    1.722860] mmcblk2rpmb: mmc2:0001 TX2932 4.00 MiB, chardev (235:0)
[    1.728295] Segment Routing with IPv6
[    1.736228] In-situ OAM (IOAM) with IPv6
[    1.740206] NET: Registered PF_PACKET protocol family
[    1.746300] Bluetooth: RFCOMM TTY layer initialized
[    1.751194] Bluetooth: RFCOMM socket layer initialized
[    1.756352] Bluetooth: RFCOMM ver 1.11
[    1.760130] Bluetooth: BNEP (Ethernet Emulation) ver 1.3
[    1.765454] Bluetooth: BNEP filters: protocol multicast
[    1.770692] Bluetooth: BNEP socket layer initialized
[    1.775662] Bluetooth: HIDP (Human Interface Emulation) ver 1.2
[    1.781595] Bluetooth: HIDP socket layer initialized
[    1.787215] 8021q: 802.1Q VLAN Support v1.8
[    1.791429] lib80211: common routines for IEEE802.11 drivers
[    1.797246] 9pnet: Installing 9P2000 support
[    1.801559] tsn generic netlink module v1 init...
[    1.806353] Key type dns_resolver registered
[    1.811540] Loading compiled-in X.509 certificates
[    1.840813] usb_phy_generic usbphynop1: supply vcc not found, using dummy regulator
[    1.848619] usb_phy_generic usbphynop1: dummy supplies not allowed for exclusive requests
[    1.856934] usb_phy_generic usbphynop2: supply vcc not found, using dummy regulator
[    1.864685] usb_phy_generic usbphynop2: dummy supplies not allowed for exclusive requests
[    1.885034] nxp-pca9450 0-0025: pca9450a probed.
[    1.929359] sn65dsi84 0-002d: Valid sn65dsi84 chip id
[    1.962944] sn65dsi84 0-002d: Soft reset to default
[    1.968041] at24 0-0053: supply vcc not found, using dummy regulator
[    1.974937] at24 0-0053: 256 byte 24c02 EEPROM, writable, 16 bytes/write
[    1.981827] at24 0-0051: supply vcc not found, using dummy regulator
[    1.988660] at24 0-0051: 256 byte 24c02 EEPROM, writable, 16 bytes/write
[    1.995428] i2c i2c-0: IMX I2C adapter registered
[    2.001483] i2c 1-0067: Fixing up cyclic dependency with 32e40000.usb
[    2.008286] hd3ss3220 1-0067: No vbus found.(Normal if USB2.0 or lower.)
[    2.016162] pca953x 1-0021: supply vcc not found, using dummy regulator
[    2.022904] pca953x 1-0021: using no AI
[    2.028859] pca953x 1-0023: supply vcc not found, using dummy regulator
[    2.035576] pca953x 1-0023: using no AI
[    2.043514] i2c i2c-1: IMX I2C adapter registered
[    2.050025] i2c i2c-2: IMX I2C adapter registered
[    2.056320] pn54x_probe
[    2.058819] pn544 3-002a: VEN GPIO &lt;OPTIONAL&gt; error getting from OF node
[    2.065536] pn544 3-002a: FIRM GPIO &lt;OPTIONAL&gt; error getting from OF node
[    2.072356] pn544 3-002a: CLKREQ GPIO &lt;OPTIONAL&gt; error getting from OF node
[    2.079346] pn544 3-002a: supply nxp,pn54x-pvdd not found, using dummy regulator
[    2.086836] pn544 3-002a: supply nxp,pn54x-vbat not found, using dummy regulator
[    2.094271] pn544 3-002a: supply nxp,pn54x-pmuvcc not found, using dummy regulator
[    2.101893] pn544 3-002a: supply nxp,pn54x-sevdd not found, using dummy regulator
[    2.109411] pn54x_probe: request irq_gpio 129
[    2.114503] pn54x_probe : requesting IRQ 200
[    2.118881] i2c i2c-3: IMX I2C adapter registered
[    2.125749] pwm-backlight lvds_backlight: supply power not found, using dummy regulator
[    2.136812] imx6q-pcie 33800000.pcie: supply epdev_on not found, using dummy regulator
[    2.139793] imx-drm 32c00000.bus:display-subsystem: bound imx-lcdif-crtc.0 (ops 0xffff80000914bdd0)
[    2.153976] imx_sec_dsim_drv 32e10000.mipi_dsi: version number is 0x1060200
[    2.161199] panel-simple-dsi 32e10000.mipi_dsi.0: panel-desc-dsi setting overridden from dt
[    2.169579] panel-simple-dsi 32e10000.mipi_dsi.0: panel-desc setting overridden from dt
[    2.169891] imx6q-pcie 33800000.pcie: EXT REF_CLK is used!.
[    2.177764] panel-simple-dsi 32e10000.mipi_dsi.0: Found suitable override.
[    2.190050] panel-simple-dsi 32e10000.mipi_dsi.0: Specify missing connector_type
[    2.197557] imx-drm 32c00000.bus:display-subsystem: bound 32e10000.mipi_dsi (ops 0xffff800009139f50)
[    2.207586] [drm] Initialized imx-drm 1.0.0 20120507 for 32c00000.bus:display-subsystem on minor 1
[    2.210660] imx6q-pcie 33800000.pcie: PCIe PLL is locked.
[    2.222079] imx6q-pcie 33800000.pcie: iATU unroll: enabled
[    2.227591] imx6q-pcie 33800000.pcie: Detected iATU regions: 4 outbound, 4 inbound
[    2.227606] imx6q-pcie 33800000.pcie: host bridge /soc@0/pcie@33800000 ranges:
[    2.227653] imx6q-pcie 33800000.pcie:       IO 0x001ff80000..0x001ff8ffff -&gt; 0x0000000000
[    2.227671] imx6q-pcie 33800000.pcie:      MEM 0x0018000000..0x001fefffff -&gt; 0x0018000000
[    2.227797] imx6q-pcie 33800000.pcie: iATU unroll: enabled
[    2.227805] imx6q-pcie 33800000.pcie: Detected iATU regions: 4 outbound, 4 inbound
[    2.279728] Console: switching to colour frame buffer device 160x50
[    2.346518] imx-drm 32c00000.bus:display-subsystem: [drm] fb0: imx-drmdrmfb frame buffer device
[    2.370368] pps pps0: new PPS source ptp0
[    2.595439] fec 30be0000.ethernet eth0: registered PHC device 0
[    2.608520] imx_usb 32e50000.usb: No over current polarity defined
[    2.617659] ci_hdrc ci_hdrc.1: EHCI Host Controller
[    2.622567] ci_hdrc ci_hdrc.1: new USB bus registered, assigned bus number 1
[    2.642660] ci_hdrc ci_hdrc.1: USB 2.0 started, EHCI 1.00
[    2.649212] hub 1-0:1.0: USB hub found
[    2.652992] hub 1-0:1.0: 1 port detected
[    2.658747] imx-cpufreq-dt imx-cpufreq-dt: cpu speed grade 3 mkt segment 0 supported-hw 0x8 0x1
[    2.668423] Hot alarm is canceled. GPU3D clock will return to 64/64
[    2.678938] sdhci-esdhc-imx 30b50000.mmc: Got CD GPIO
[    2.680316] cfg80211: Loading compiled-in X.509 certificates for regulatory database
[    2.694669] cfg80211: Loaded X.509 cert 'sforshee: 00b28ddf47aef9cea7'
[    2.701295] platform regulatory.0: Direct firmware load for regulatory.db failed with error -2
[    2.703994] ALSA device list:
[    2.709924] platform regulatory.0: Falling back to sysfs fallback for: regulatory.db
[    2.712904]   No soundcards found.
[    2.714366] mmc0: SDHCI controller on 30b40000.mmc [30b40000.mmc] using ADMA
[    2.722786] mmc1: SDHCI controller on 30b50000.mmc [30b50000.mmc] using ADMA
[    2.759196] mmc0: queuing unknown CIS tuple 0x01 [d9 01 ff] (3 bytes)
[    2.786288] mmc0: queuing unknown CIS tuple 0x1a [01 01 00 02 07] (5 bytes)
[    2.801794] mmc0: queuing unknown CIS tuple 0x1b [c1 41 30 30 ff ff 32 00] (8 bytes)
[    2.811556] mmc0: queuing unknown CIS tuple 0x14 [] (0 bytes)
[    2.877243] mmc0: new ultra high speed SDR104 SDIO card at address 0001
[    2.910682] usb 1-1: new high-speed USB device number 2 using ci_hdrc
[    3.076682] hub 1-1:1.0: USB hub found
[    3.081270] hub 1-1:1.0: 5 ports detected
[    3.233222] imx6q-pcie 33800000.pcie: Phy link never came up
[    3.240852] imx6q-pcie: probe of 33800000.pcie failed with error -110
[    3.661093] EXT4-fs (mmcblk2p2): recovery complete
[    3.666353] EXT4-fs (mmcblk2p2): mounted filesystem with ordered data mode. Opts: (null). Quota mode: none.
[    3.676243] VFS: Mounted root (ext4 filesystem) on device 179:2.
[    3.683431] devtmpfs: mounted
[    3.687155] Freeing unused kernel memory: 2688K
[    3.691787] Run /sbin/init as init process
[    3.802337] usb 1-1.5: new high-speed USB device number 3 using ci_hdrc
[    3.823949] systemd[1]: System time before build time, advancing clock.
[    3.844934] systemd[1]: systemd 250.5+ running in system mode (+PAM -AUDIT -SELINUX -APPARMOR +IMA -SMACK +SECCOMP -GCRYPT -GNUTLS -OPENSSL +ACL +BLKID -CURL -ELFUTILS -FIDO2 -IDN2 -IDN -IPTC +KMOD -LIBCRYPTSETUP +LIBFDISK -PCRE2 -PWQUALITY -P11KIT -QRENCODE -BZIP2 -LZ4 -XZ -ZLIB +ZSTD -BPF_FRAMEWORK +XKBCOMMON +UTMP +SYSVINIT default-hierarchy=hybrid)
[    3.876596] systemd[1]: Detected architecture arm64.

Welcome to [1mTechNexion i.MX Release Distro 5.15-kirkstone (kirkstone)[0m!

[    3.947022] systemd[1]: Hostname set to &lt;edm-g-imx8mm&gt;.
[    4.008203] systemd-sysv-generator[194]: SysV service '/etc/init.d/halt' lacks a native systemd unit file. Automatically generating a unit file for compatibility. Please update package to include a native systemd unit file, in order to make it more safe and robust.
[    4.032355] systemd-sysv-generator[194]: SysV service '/etc/init.d/single' lacks a native systemd unit file. Automatically generating a unit file for compatibility. Please update package to include a native systemd unit file, in order to make it more safe and robust.
[    4.056482] systemd-sysv-generator[194]: SysV service '/etc/init.d/umountnfs.sh' lacks a native systemd unit file. Automatically generating a unit file for compatibility. Please update package to include a native systemd unit file, in order to make it more safe and robust.
[    4.081082] systemd-sysv-generator[194]: SysV service '/etc/init.d/umountfs' lacks a native systemd unit file. Automatically generating a unit file for compatibility. Please update package to include a native systemd unit file, in order to make it more safe and robust.
[    4.105249] systemd-sysv-generator[194]: SysV service '/etc/init.d/reboot' lacks a native systemd unit file. Automatically generating a unit file for compatibility. Please update package to include a native systemd unit file, in order to make it more safe and robust.
[    4.129261] systemd-sysv-generator[194]: SysV service '/etc/init.d/save-rtc.sh' lacks a native systemd unit file. Automatically generating a unit file for compatibility. Please update package to include a native systemd unit file, in order to make it more safe and robust.
[    4.153795] systemd-sysv-generator[194]: SysV service '/etc/init.d/rc.local' lacks a native systemd unit file. Automatically generating a unit file for compatibility. Please update package to include a native systemd unit file, in order to make it more safe and robust.
[    4.177804] systemd-sysv-generator[194]: SysV service '/etc/init.d/sendsigs' lacks a native systemd unit file. Automatically generating a unit file for compatibility. Please update package to include a native systemd unit file, in order to make it more safe and robust.
[    4.455011] systemd[1]: Queued start job for default target Graphical Interface.
[    4.502017] systemd[1]: Created slice Slice /system/getty.
[[0;32m  OK  [0m] Created slice [0;1;39mSlice /system/getty[0m.
[    4.524953] systemd[1]: Created slice Slice /system/modprobe.
[[0;32m  OK  [0m] Created slice [0;1;39mSlice /system/modprobe[0m.
[    4.548875] systemd[1]: Created slice Slice /system/serial-getty.
[[0;32m  OK  [0m] Created slice [0;1;39mSlice /system/serial-getty[0m.
[    4.572584] systemd[1]: Created slice User and Session Slice.
[[0;32m  OK  [0m] Created slice [0;1;39mUser and Session Slice[0m.
[    4.594709] systemd[1]: Started Dispatch Password Requests to Console Directory Watch.
[[0;32m  OK  [0m] Started [0;1;39mDispatch Password …ts to Console Directory Watch[0m.
[    4.618632] systemd[1]: Started Forward Password Requests to Wall Directory Watch.
[[0;32m  OK  [0m] Started [0;1;39mForward Password R…uests to Wall Directory Watch[0m.
[    4.642684] systemd[1]: Reached target Host and Network Name Lookups.
[[0;32m  OK  [0m] Reached target [0;1;39mHost and Network Name Lookups[0m.
[    4.666886] systemd[1]: Reached target Path Units.
[[0;32m  OK  [0m] Reached target [0;1;39mPath Units[0m.
[    4.686424] systemd[1]: Reached target Remote File Systems.
[[0;32m  OK  [0m] Reached target [0;1;39mRemote File Systems[0m.
[    4.710469] systemd[1]: Reached target Slice Units.
[[0;32m  OK  [0m] Reached target [0;1;39mSlice Units[0m.
[    4.730462] systemd[1]: Reached target Swaps.
[[0;32m  OK  [0m] Reached target [0;1;39mSwaps[0m.
[    4.756176] systemd[1]: Listening on RPCbind Server Activation Socket.
[[0;32m  OK  [0m] Listening on [0;1;39mRPCbind Server Activation Socket[0m.
[    4.778502] systemd[1]: Reached target RPC Port Mapper.
[[0;32m  OK  [0m] Reached target [0;1;39mRPC Port Mapper[0m.
[    4.800234] systemd[1]: Listening on Syslog Socket.
[[0;32m  OK  [0m] Listening on [0;1;39mSyslog Socket[0m.
[    4.822836] systemd[1]: Listening on initctl Compatibility Named Pipe.
[[0;32m  OK  [0m] Listening on [0;1;39minitctl Compatibility Named Pipe[0m.
[    4.847813] systemd[1]: Listening on Journal Audit Socket.
[[0;32m  OK  [0m] Listening on [0;1;39mJournal Audit Socket[0m.
[    4.871382] systemd[1]: Listening on Journal Socket (/dev/log).
[[0;32m  OK  [0m] Listening on [0;1;39mJournal Socket (/dev/log)[0m.
[    4.895446] systemd[1]: Listening on Journal Socket.
[[0;32m  OK  [0m] Listening on [0;1;39mJournal Socket[0m.
[    4.915067] systemd[1]: Listening on Network Service Netlink Socket.
[[0;32m  OK  [0m] Listening on [0;1;39mNetwork Service Netlink Socket[0m.
[    4.943745] systemd[1]: Listening on udev Control Socket.
[[0;32m  OK  [0m] Listening on [0;1;39mudev Control Socket[0m.
[    4.967336] systemd[1]: Listening on udev Kernel Socket.
[[0;32m  OK  [0m] Listening on [0;1;39mudev Kernel Socket[0m.
[    4.979905] systemd[1]: Listening on User Database Manager Socket.
[[0;32m  OK  [0m] Listening on [0;1;39mUser Database Manager Socket[0m.
[    5.007066] systemd[1]: Mounting Huge Pages File System...
         Mounting [0;1;39mHuge Pages File System[0m...
[    5.030969] systemd[1]: Mounting POSIX Message Queue File System...
         Mounting [0;1;39mPOSIX Message Queue File System[0m...
[    5.047223] systemd[1]: Mounting Kernel Debug File System...
         Mounting [0;1;39mKernel Debug File System[0m...
[    5.066757] systemd[1]: Kernel Trace File System was skipped because of a failed condition check (ConditionPathExists=/sys/kernel/tracing).
[    5.087355] systemd[1]: Mounting Temporary Directory /tmp...
         Mounting [0;1;39mTemporary Directory /tmp[0m...
[    5.107988] systemd[1]: Create List of Static Device Nodes was skipped because of a failed condition check (ConditionFileNotEmpty=/lib/modules/5.15.71+g45d3db9701ef/modules.devname).
[    5.127457] systemd[1]: Starting Load Kernel Module configfs...
         Starting [0;1;39mLoad Kernel Module configfs[0m...
[    5.150390] systemd[1]: Starting Load Kernel Module drm...
         Starting [0;1;39mLoad Kernel Module drm[0m...
[    5.174168] systemd[1]: Starting Load Kernel Module fuse...
         Starting [0;1;39mLoad Kernel Module fuse[0m...
[    5.209018] systemd[1]: Starting RPC Bind...
         Starting [0;1;39mRPC Bind[0m...
[    5.230993] systemd[1]: File System Check on Root Device was skipped because of a failed condition check (ConditionPathIsReadWrite=!/).
[    5.243963] systemd[1]: systemd-journald.service: unit configures an IP firewall, but the local system does not support BPF/cgroup firewalling.
[    5.256864] systemd[1]: (This warning is only shown for the first unit using IP firewalling.)
[    5.269288] systemd[1]: Starting Journal Service...
         Starting [0;1;39mJournal Service[0m...
[    5.293950] systemd[1]: Starting Load Kernel Modules...
         Starting [0;1;39mLoad Kernel Modules[0m...
[    5.309034] mlan: loading out-of-tree module taints kernel.
[    5.326880] systemd[1]: Starting Generate network units from Kernel command line...
         Starting [0;1;39mGenerate network …ts from Kernel command line[0m...
[    5.353907] systemd[1]: Starting Remount Root and Kernel File Systems...
         Starting [0;1;39mRemount Root and Kernel File Systems[0m...
[    5.373763] EXT4-fs (mmcblk2p2): re-mounted. Opts: (null). Quota mode: none.
[    5.394071] systemd[1]: Starting Coldplug All udev Devices...
         Starting [0;1;39mColdplug All udev Devices[0m...
[    5.420104] systemd[1]: Started RPC Bind.
[[0;32m  OK  [0m] Started [0;1;39mRPC Bind[0m.
[    5.439251] systemd[1]: Started Journal Service.
[[0;32m  OK  [0m] Started [0;1;39mJournal Service[0m.
[[0;32m  OK  [0m] Mounted [0;1;39mHuge Pages File System[0m.
[[0;32m  OK  [0m] Mounted [0;1;39mPOSIX Message Queue File System[0m.
[[0;32m  OK  [0m] Mounted [0;1;39mKernel Debug File System[0m.
[[0;32m  OK  [0m] Mounted [0;1;39mTemporary Directory /tmp[0m.
[[0;32m  OK  [0m] Finished [0;1;39mLoad Kernel Module configfs[0m.
[[0;32m  OK  [0m] Finished [0;1;39mLoad Kernel Module drm[0m.
[[0;32m  OK  [0m] Finished [0;1;39mLoad Kernel Module fuse[0m.
[[0;32m  OK  [0m] Finished [0;1;39mLoad Kernel Modules[0m.
[[0;32m  OK  [0m] Finished [0;1;39mGenerate network units from Kernel command line[0m.
[[0;32m  OK  [0m] Finished [0;1;39mRemount Root and Kernel File Systems[0m.
         Mounting [0;1;39mKernel Configuration File System[0m...
         Starting [0;1;39mFlush Journal to Persistent Storage[0m...
[    5.690078] systemd-journald[205]: Received client request to flush runtime journal.
         Starting [0;1;39mApply Kernel Variables[0m...
         Starting [0;1;39mCreate Static Device Nodes in /dev[0m...
[[0;32m  OK  [0m] Mounted [0;1;39mKernel Configuration File System[0m.
[[0;32m  OK  [0m] Finished [0;1;39mFlush Journal to Persistent Storage[0m.
[[0;32m  OK  [0m] Finished [0;1;39mApply Kernel Variables[0m.
[[0;32m  OK  [0m] Finished [0;1;39mCreate Static Device Nodes in /dev[0m.
[[0;32m  OK  [0m] Reached target [0;1;39mPreparation for Local File Systems[0m.
         Mounting [0;1;39m/var/volatile[0m...
         Starting [0;1;39mRule-based Manage…for Device Events and Files[0m...
[[0;32m  OK  [0m] Mounted [0;1;39m/var/volatile[0m.
[[0;32m  OK  [0m] Finished [0;1;39mColdplug All udev Devices[0m.
         Starting [0;1;39mLoad/Save Random Seed[0m...
[[0;32m  OK  [0m] Reached target [0;1;39mLocal File Systems[0m.
         Starting [0;1;39mCreate Volatile Files and Directories[0m...
[[0;32m  OK  [0m] Started [0;1;39mRule-based Manager for Device Events and Files[0m.
[[0;32m  OK  [0m] Finished [0;1;39mCreate Volatile Files and Directories[0m.
         Starting [0;1;39mNetwork Time Synchronization[0m...
         Starting [0;1;39mRecord System Boot/Shutdown in UTMP[0m...
[[0;32m  OK  [0m] Finished [0;1;39mRecord System Boot/Shutdown in UTMP[0m.
[[0;32m  OK  [0m] Started [0;1;39mNetwork Time Synchronization[0m.
[[0;32m  OK  [0m] Reached target [0;1;39mSystem Initialization[0m.
[[0;32m  OK  [0m] Started [0;1;39mTimer for Bluetooth attach service on ttymxc2[0m.
[[0;32m  OK  [0m] Started [0;1;39mDaily Cleanup of Temporary Directories[0m.
[[0;32m  OK  [0m] Reached target [0;1;39mSystem Time Set[0m.
[[0;32m  OK  [0m] Started [0;1;39mDaily rotation of log files[0m.
[[0;32m  OK  [0m] Reached target [0;1;39mTimer Units[0m.
[[0;32m  OK  [0m] Listening on [0;1;39mAvahi mDNS/DNS-SD Stack Activation Socket[0m.
[[0;32m  OK  [0m] Listening on [0;1;39mD-Bus System Message Bus Socket[0m.
         Starting [0;1;39mDocker Socket for the API[0m...
[[0;32m  OK  [0m] Listening on [0;1;39mdropbear.socket[0m.
         Starting [0;1;39mWeston[    6.446021] caam-snvs 30370000.caam-snvs: ipid matched - 0x3e
 socket[0m...
[    6.457049] caam-snvs 30370000.caam-snvs: violation handlers armed - non-secure state
         Starting [0;1;39mConsole System Startup Logging[0m...
[[0;32m  OK  [0m] Listening on [0;1;39mDocker Socket for the API[0m.
[[0;32m  OK  [0m] Listening on [0;1;39mWeston socket[0m.
[    6.552659] input: EETI EXC80H60 Touch Screen as /devices/platform/soc@0/30800000.bus/30a40000.i2c/i2c-2/2-002a/input/input0
[    6.571884] caam 30900000.crypto: device ID = 0x0a16040100000000 (Era 9)
[    6.572571] exc3000 2-002a: Retry 1 get EETI EXC3000 model: -6
[    6.579312] caam 30900000.crypto: job rings = 2, qi = 0
[    6.586336] exc3000 2-002a: Retry 2 get EETI EXC3000 model: -6
[[0;32m  OK  [0m] Finished [0;[    6.596227] exc3000 2-002a: Retry 3 get EETI EXC3000 model: -6
1;39mConsole System Startup Logging[0m.
[    6.613027] wlan: loading driver v4.5.25.57+g286d90441
[    6.618707] hifDeviceInserted: Dumping clocks (50000000,133333334)
[[0;32m  OK  [0m] Created slice [0;1;39mSlice /system/systemd-backlight[0m.
[[0;32m  OK  [0m] Reached target [0;1;39mSocket Units[0m.
[[0;32m  OK  [0m] Reached target [0;1;39mBasic System[0m.
[[0;32m  OK  [0m] Reached target [0;1;39mHardware activated USB gadget[0m.
[    6.704788] fsl-asoc-card sound-wm8960: CPU phandle missing or invalid
[[0;32m  OK  [0m] Started [0;1;39mJob spooling tools[0m.
[    6.725902] fsl-asoc-card: probe of sound-wm8960 failed with error -22
[[0;32m  OK  [0m] Started [0;1;39mPeriodic Command Scheduler[0m.
         Starting [0;1;39mD-Bus System Message Bus[0m...
[[0;32m  OK  [0m] Started [0;1;39mLinux Firmware Loader Daemon[0m.
[    6.785324] random: dbus-daemon: uninitialized urandom read (12 bytes read)
[[0;32m  OK  [0m] Started [0;1[    6.804003] imx-sdma 302b0000.dma-controller: firmware found.
[    6.804115] imx-sdma 302c0000.dma-controller: firmware found.
;39mConfiguration for i.MX GPU (F[    6.810623] imx-sdma 302b0000.dma-controller: loaded firmware 4.6
ormer rc_gpu.S)[0m.
[    6.816234] imx-sdma 30bd0000.dma-controller: firmware found.
[    6.834584] ol_download_firmware: chip_id:0x5020001 board_id:0x0
         Starting [0;1;39mIPv6 Packet Filtering Framework[0m..[    6.844680] Board extended Data download address: 0x0
.
[    6.849956] random: dbus-daemon: uninitialized urandom read (12 bytes read)
         Starting [0;1;39mIPv4 Packet Filtering Framework[0m...
         Starting [0;1;39mNetwork Time Service (one-shot ntpdate mode)[0m...
         Starting [0;1;39mTelephony service[0m...
[[0;32m  OK  [0m] Started [0;1;39mSystem Logging Service[0m.
         Starting [0;1;39mLoad/Save Screen …of backlight:lvds_backlight[0m...
         Starting [0;1;39mUser Login Management[0m...
[[0;32m  OK  [0m] Started [0;1;39mD-Bus System Message Bus[0m.
[[0;32m  OK  [0m] Finished [0;1;39mIPv6 Packet Filtering Framework[0m.
[[0;32m  OK  [0m] Finished [0;1;39mIPv4 Packet Filtering Framework[0m.
[[0;32m  OK  [0m] Finished [0;1;39mNetwork Time Service (one-shot ntpdate mode)[0m.
[[0;32m  OK  [0m] Finished [0;1;39mLoad/Save Screen …s of backlight:lvds_backlight[0m.
[[0;32m  OK  [0m] Reached target [0;1;39mPreparation for Network[0m.
         Starting [0;1;39mConnection service[0m...
         Starting [0;1;39mNetwork Configuration[0m...
[[0;32m  OK  [0m] Finished [0;1;39mLoad/Save Random Seed[0m.
[[0;32m  OK  [0m] Started [0;1;39mTelephony service[0m.
[[0;32m  OK  [0m] Started [0;1;39mUser Login Management[0m.
[[0;32m  OK  [0m] Started [0;1;39mConnection service[0m.
         Starting [0;1;39mAvahi mDNS/DNS-SD Stack[0m...
[[0;32m  OK  [0m] Started [0;1;39mAvahi mDNS/DNS-SD Stack[0m.
         Starting [0;1;39mWPA supplicant[0m...
[[0;32m  OK  [0m] Started [0;1;39mNetwork Configuration[0m.
         Starting [0;1;39mHostname Service[0m...
[[0;32m  OK  [0m] Started [0;1;39mWPA supplicant[0m.
[[0;32m  OK  [0m] Reached target [0;1;39mNetwork[0m.
         Starting [0;1;39mcontainerd container runtime[0m...
         Starting [0;1;39mDNS forwarder and DHCP server[0m...
[[0;32m  OK  [0m] Started [0;1;39mNFS status monitor for NFSv2/3 locking.[0m.
[[0;32m  OK  [0m] Started [0;1;39mRespond to IPv6 Node Information Queries[0m.
         Starting [0;1;39m/etc/rc.local Compatibility[0m...
[[0;32m  OK  [0m] Started [0;1;39mNetwork Router Discovery Daemon[0m.
         Starting [0;1;39mPermit User Sessions[0m...
[[0;32m  OK  [0m] Started [0;1;39m/etc/rc.local Compatibility[0m.
[[0;32m  OK  [0m] Finished [0;1;39mPermit User Sessions[0m.
[[0;1;31mFAILED[0m] Failed to start [0;1;39mDNS forwarder and DHCP server[0m.
See 'systemctl status dnsmasq.service' for details.
[[0;32m  OK  [0m] Created slice [0;1;39mSlice /system/systemd-fsck[0m.
         Starting [0;1;39mSave/Restore Sound Card State[0m...
[[0;32m  OK  [0m] Started [0;1;39mGetty on tty1[0m.
[[0;32m  OK  [0m] Started [0;1;39mSerial Getty on ttymxc0[0m.
[[0;32m  OK  [0m] Started [0;1;39mSerial Getty on ttymxc1[0m.
[[0;32m  OK  [0m] Reached target [0;1;39mLogin Prompts[0m.
         Starting [0;1;39mWeston, a Wayland…ositor, as a system service[0m...
[[0;32m  OK  [0m] Finished [0;1;39mSave/Restore Sound Card State[0m.
[[0;32m  OK  [0m] Found device [0;1;39m/dev/mmcblk2p1[0m.
[[0;32m  OK  [0m] Started [0;1;39mHostname Service[0m.
[[0;32m  OK  [0m] Reached target [0;1;39mSound Card[0m.
         Starting [0;1;39mFile System Check on /dev/mmcblk2p1[0m...
         Starting [0;1;39mUser Database Manager[0m...
[[0;32m  OK  [0m] Finished [0;1;39mFile System Check on /dev/mmcblk2p1[0m.
         Mounting [0;1;39m/run/media/boot-mmcblk2p1[0m...
[[0;32m  OK  [0m] Mounted [0;1;39m/run/media/boot-mmcblk2p1[0m.
[[0;32m  OK  [0m] Started [0;1;39mUser Database Manager[0m.
[[0;32m  OK  [0m] Created slice [0;1;39mUser Slice of UID 0[0m.
         Starting [0;1;39mUser Runtime Directory /run/user/0[0m...
[[0;32m  OK  [0m] Finished [0;1;39mUser Runtime Directory /run/user/0[0m.
         Starting [0;1;39mUser Manager for UID 0[0m...
[    8.567014] audit: type=1006 audit(1651228832.435:2): pid=554 uid=0 old-auid=4294967295 auid=0 tty=(none) old-ses=4294967295 ses=1 res=1
[    8.579530] audit: type=1300 audit(1651228832.435:2): arch=c00000b7 syscall=64 success=yes exit=1 a0=8 a1=ffffc3c09be0 a2=1 a3=ffff8b27b020 items=0 ppid=1 pid=554 auid=0 uid=0 gid=0 euid=0 suid=0 fsuid=0 egid=0 sgid=0 fsgid=0 tty=(none) ses=1 comm="(systemd)" exe="/lib/systemd/systemd" key=(null)
[    8.606025] audit: type=1327 audit(1651228832.435:2): proctitle="(systemd)"
[[0;32m  OK  [0m] Started [0;1;39mcontainerd container runtime[0m.
[[0;32m  OK  [0m] Reached target [0;1;39mMulti-User System[0m.
[[0;32m  OK  [0m] Started [0;1;39mUser Manager for UID 0[0m.
[[0;32m  OK  [0m] Started [0;1;39mSession c1 of User root[0m.
[    8.918718] audit: type=1006 audit(1651228832.787:3): pid=537 uid=0 old-auid=4294967295 auid=0 tty=tty7 old-ses=4294967295 ses=2 res=1
[    8.930943] audit: type=1300 audit(1651228832.787:3): arch=c00000b7 syscall=64 success=yes exit=1 a0=8 a1=ffffc3c09bf0 a2=1 a3=ffff8b27b020 items=0 ppid=1 pid=537 auid=0 uid=0 gid=0 euid=0 suid=0 fsuid=0 egid=0 sgid=0 fsgid=0 tty=tty7 ses=2 comm="(-init.sh)" exe="/lib/systemd/systemd" key=(null)
[    8.957182] audit: type=1327 audit(1651228832.787:3): proctitle="(-init.sh)"
[[0;32m  OK  [0m] Started [0;1;39mSession c2 of User root[0m.
[    9.048130] audit: type=1006 audit(1651228832.915:4): pid=571 uid=0 old-auid=4294967295 auid=0 tty=tty7 old-ses=4294967295 ses=3 res=1
[    9.060303] audit: type=1300 audit(1651228832.915:4): arch=c00000b7 syscall=64 success=yes exit=1 a0=8 a1=ffffc3c09bf0 a2=1 a3=ffff8b27b020 items=0 ppid=1 pid=571 auid=0 uid=0 gid=0 euid=0 suid=0 fsuid=0 egid=0 sgid=0 fsgid=0 tty=tty7 ses=3 comm="(weston)" exe="/lib/systemd/systemd" key=(null)
[    9.086841] audit: type=1327 audit(1651228832.915:4): proctitle="(weston)"
[[0;32m  OK  [0m] Started [0;1;39mWeston, a Wayland …mpositor, as a system service[0m.
[[0;32m  OK  [0m] Reached target [0;1;39mGraphical Interface[0m.
         Starting [0;1;39mRecord Runlevel Change in UTMP[0m...
[[0;32m  OK  [0m] Finished [0;1;39mRecord Runlevel Change in UTMP[0m.

TechNexion i.MX Release Distro 5.15-kirkstone edm-g-imx8mm ttymxc1

edm-g-imx8mm login:</msg>
<arg>${reboot_log}</arg>
<doc>Logs the given message with the given level.</doc>
<status status="PASS" start="2024-06-16T22:40:19.489693" elapsed="0.000932"/>
</kw>
<kw name="Run Keyword And Return Status" owner="BuiltIn">
<kw name="Should Contain" owner="BuiltIn">
<arg>${reboot_log}</arg>
<arg>${LOGIN_PROMPT}</arg>
<doc>Fails if ``container`` does not contain ``item`` one or more times.</doc>
<status status="PASS" start="2024-06-16T22:40:19.490946" elapsed="0.000161"/>
</kw>
<msg time="2024-06-16T22:40:19.491180" level="INFO">${isBoot} = True</msg>
<var>${isBoot}</var>
<arg>Should Contain</arg>
<arg>${reboot_log}</arg>
<arg>${LOGIN_PROMPT}</arg>
<doc>Runs the given keyword with given arguments and returns the status as a Boolean value.</doc>
<status status="PASS" start="2024-06-16T22:40:19.490773" elapsed="0.000425"/>
</kw>
<if>
<branch type="IF" condition="${isBoot} == $True">
<kw name="Write Data" owner="SerialLibrary">
<arg>${LOGIN_ACC}\n</arg>
<doc>Writes data into the port.</doc>
<status status="PASS" start="2024-06-16T22:40:19.493534" elapsed="0.000165"/>
</kw>
<kw name="Read Until" owner="SerialLibrary">
<msg time="2024-06-16T22:40:22.684845" level="INFO">${login_OK} =  root
7[r[999;999H[6nroot@edm-g-imx8mm:~#</msg>
<var>${login_OK}</var>
<arg>${TERMINATOR}</arg>
<doc>Read until a termination sequence is found, size exceeded or timeout.</doc>
<status status="PASS" start="2024-06-16T22:40:19.493825" elapsed="3.191067"/>
</kw>
<kw name="Log" owner="BuiltIn">
<msg time="2024-06-16T22:40:22.685279" level="INFO"> root
7[r[999;999H[6nroot@edm-g-imx8mm:~#</msg>
<arg>${login_OK}</arg>
<doc>Logs the given message with the given level.</doc>
<status status="PASS" start="2024-06-16T22:40:22.685112" elapsed="0.000207"/>
</kw>
<status status="PASS" start="2024-06-16T22:40:19.491307" elapsed="3.194042"/>
</branch>
<branch type="ELSE">
<kw name="Log" owner="BuiltIn">
<arg>Fail to Login after reboot</arg>
<doc>Logs the given message with the given level.</doc>
<status status="NOT RUN" start="2024-06-16T22:40:22.685508" elapsed="0.000016"/>
</kw>
<status status="NOT RUN" start="2024-06-16T22:40:22.685392" elapsed="0.000159"/>
</branch>
<status status="PASS" start="2024-06-16T22:40:19.491284" elapsed="3.194284"/>
</if>
<status status="PASS" start="2024-06-16T22:39:02.265834" elapsed="80.419786"/>
</kw>
<doc>Watch Dog Timer</doc>
<tag>Test A-System and Function</tag>
<status status="PASS" start="2024-06-16T22:39:02.245130" elapsed="80.440629"/>
</test>
<test id="s1-s1-t3" name="Case TNPT-26" line="41">
<kw name="Check Console State Dmesg" owner="Console_Check">
<kw name="Write Data" owner="SerialLibrary">
<arg>dmesg | grep console${\n}</arg>
<doc>Writes data into the port.</doc>
<status status="PASS" start="2024-06-16T22:40:22.686567" elapsed="0.000157"/>
</kw>
<kw name="Read Until" owner="SerialLibrary">
<msg time="2024-06-16T22:40:22.730075" level="INFO">${dmesglog} =  dmesg | grep console
[    0.000000] Kernel command line: console=ttymxc1,115200 root=/dev/mmcblk2p2 rootwait rw
[    1.183363] printk: console [ttymxc1] enabled
root@edm-g-imx8mm:~#</msg>
<var>${dmesglog}</var>
<arg>${TERMINATOR}</arg>
<doc>Read until a termination sequence is found, size exceeded or timeout.</doc>
<status status="PASS" start="2024-06-16T22:40:22.686855" elapsed="0.043266"/>
</kw>
<kw name="Should Contain" owner="BuiltIn">
<arg>${dmesglog}</arg>
<arg>${console_ttymxcid}</arg>
<doc>Fails if ``container`` does not contain ``item`` one or more times.</doc>
<status status="PASS" start="2024-06-16T22:40:22.730355" elapsed="0.000209"/>
</kw>
<kw name="Log" owner="BuiltIn">
<msg time="2024-06-16T22:40:22.730798" level="INFO"> dmesg | grep console
[    0.000000] Kernel command line: console=ttymxc1,115200 root=/dev/mmcblk2p2 rootwait rw
[    1.183363] printk: console [ttymxc1] enabled
root@edm-g-imx8mm:~#</msg>
<arg>${dmesglog}</arg>
<doc>Logs the given message with the given level.</doc>
<status status="PASS" start="2024-06-16T22:40:22.730684" elapsed="0.000152"/>
</kw>
<status status="PASS" start="2024-06-16T22:40:22.686334" elapsed="0.044561"/>
</kw>
<kw name="Check Console ID in virtual filesystem directory" owner="Console_Check">
<kw name="Write Data" owner="SerialLibrary">
<arg>cat /proc/consoles${\n}</arg>
<doc>Writes data into the port.</doc>
<status status="PASS" start="2024-06-16T22:40:22.731425" elapsed="0.000157"/>
</kw>
<kw name="Read Until" owner="SerialLibrary">
<msg time="2024-06-16T22:40:22.762050" level="INFO">${proc_consolelog} =  cat /proc/consoles
ttymxc1              -W- (EC p  )  207:17
root@edm-g-imx8mm:~#</msg>
<var>${proc_consolelog}</var>
<arg>${TERMINATOR}</arg>
<doc>Read until a termination sequence is found, size exceeded or timeout.</doc>
<status status="PASS" start="2024-06-16T22:40:22.731706" elapsed="0.030388"/>
</kw>
<kw name="Should Contain" owner="BuiltIn">
<arg>${proc_consolelog}</arg>
<arg>${console_ttymxcid}</arg>
<doc>Fails if ``container`` does not contain ``item`` one or more times.</doc>
<status status="PASS" start="2024-06-16T22:40:22.762316" elapsed="0.000231"/>
</kw>
<kw name="Log" owner="BuiltIn">
<msg time="2024-06-16T22:40:22.762779" level="INFO"> cat /proc/consoles
ttymxc1              -W- (EC p  )  207:17
root@edm-g-imx8mm:~#</msg>
<arg>${proc_consolelog}</arg>
<doc>Logs the given message with the given level.</doc>
<status status="PASS" start="2024-06-16T22:40:22.762667" elapsed="0.000149"/>
</kw>
<status status="PASS" start="2024-06-16T22:40:22.731125" elapsed="0.031748"/>
</kw>
<doc>UART console check</doc>
<tag>Test A-System and Function</tag>
<status status="PASS" start="2024-06-16T22:40:22.685964" elapsed="0.077060"/>
</test>
<test id="s1-s1-t4" name="Case TNPT-158" line="47">
<kw name="Send Reboot command then Check Reboot State And Relogin" owner="SW_Reboot">
<kw name="Write Data" owner="SerialLibrary">
<arg>reboot${\n}</arg>
<doc>Writes data into the port.</doc>
<status status="PASS" start="2024-06-16T22:40:22.763931" elapsed="0.000154"/>
</kw>
<kw name="Read Until" owner="SerialLibrary">
<msg time="2024-06-16T22:40:42.742956" level="INFO">${bootlog} =  reboot
         Sto         Stopping [0;1;39mSession c3 of User root[0m...
[[0;32m  OK  [0m] Removed slice [0;1;39mSlice /system/modprobe[0m.
[[0;32m  OK  [0m] Stopped target [0;1;39mGrap...</msg>
<var>${bootlog}</var>
<arg>${LOGIN_PROMPT}</arg>
<doc>Read until a termination sequence is found, size exceeded or timeout.</doc>
<status status="PASS" start="2024-06-16T22:40:22.764209" elapsed="19.978795"/>
</kw>
<kw name="Log" owner="BuiltIn">
<msg time="2024-06-16T22:40:42.743492" level="INFO"> reboot
         Sto         Stopping [0;1;39mSession c3 of User root[0m...
[[0;32m  OK  [0m] Removed slice [0;1;39mSlice /system/modprobe[0m.
[[0;32m  OK  [0m] Stopped target [0;1;39mGraphical Interface[0m.
[[0;32m  OK  [0m] Stopped target [0;1;39mMulti-User System[0m.
[[0;32m  OK  [0m] Stopped target [0;1;39mLogin Prompts[0m.
[[0;32m  OK  [0m] Stopped target [0;1;39mRPC Port Mapper[0m.
[[0;32m  OK  [0m] Stopped target [0;1;39mSound Card[0m.
[[0;32m  OK  [0m] Stopped target [0;1;39mTimer Units[0m.
[[0;32m  OK  [0m] Stopped [0;1;39mDaily rotation of log files[0m.
[[0;32m  OK  [0m] Stopped [0;1;39mDaily Cleanup of Temporary Directories[0m.
[[0;32m  OK  [0m] Stopped target [0;1;39mSystem Time Set[0m.
[[0;32m  OK  [0m] Stopped target [0;1;39mHardware activated USB gadget[0m.
         Stopping [0;1;39mSave/Restore Sound Card State[0m...
         Stopping [0;1;39mJob spooling tools[0m...
         Stopping [0;1;39mAvahi mDNS/DNS-SD Stack[0m...
         Stopping [0;1;39mcontainerd container runtime[0m...
         Stopping [0;1;39mPeriodic Command Scheduler[0m...
         Stopping [0;1;39mGetty on tty1[0m...
         Stopping [0;1;39mNFS status monitor for NFSv2/3 locking.[0m...
         Stopping [0;1;39mRespond to IPv6 Node Information Queries[0m...
[[0;32m  OK  [0m] Stopped [0;1;39mNetwork Time Service (one-shot ntpdate mode)[0m.
         Stopping [0;1;39mTelephony service[0m...
         Stopping [0;1;39mNetwork Router Discovery Daemon[0m...
         Stopping [0;1;39mBluetooth attach service on ttymxc2[0m...
         Stopping [0;1;39mSerial Getty on ttymxc0[0m...
         Stopping [0;1;39mSerial Getty on ttymxc1[0m...
         Stopping [0;1;39mSystem Logging Service[0m...
         Stopping [0;1;39mHostname Service[0m...
         Stopping [0;1;39mLoad/Save Random Seed[0m...
         Stopping [0;1;39mWeston, a Wayland…ositor, as a system service[0m...
[[0;32m  OK  [0m] Stopped [0;1;39mJob spooling tools[0m.
[[0;32m  OK  [0m] Stopped [0;1;39mPeriodic Command Scheduler[0m.
[[0;32m  OK  [0m] Stopped [0;1;39mTelephony service[0m.
[[0;32m  OK  [0m] Stopped [0;1;39mSystem Logging Service[0m.
[[0;32m  OK  [0m] Stopped [0;1;39mAvahi mDNS/DNS-SD Stack[0m.
[[0;32m  OK  [0m] Stopped [0;1;39mHostname Service[0m.
[[0;32m  OK  [0m] Stopped [0;1;39mNFS status monitor for NFSv2/3 locking.[0m.
[[0;32m  OK  [0m] Stopped [0;1;39mRespond to IPv6 Node Information Queries[0m.
[[0;32m  OK  [0m] Stopped [0;1;39mNetwork Router Discovery Daemon[0m.
[[0;32m  OK  [0m] Stopped [0;1;39mcontainerd container runtime[0m.
[[0;32m  OK  [0m] Stopped [0;1;39mGetty on tty1[0m.
[[0;32m  OK  [0m] Stopped [0;1;39mSerial Getty on ttymxc0[0m.
[[0;32m  OK  [0m] Stopped [0;1;39mSerial Getty on ttymxc1[0m.
[[0;32m  OK  [0m] Stopped [0;1;39mWeston, a Wayland …mpositor, as a system service[0m.
[[0;32m  OK  [0m] Stopped [0;1;39mBluetooth attach service on ttymxc2[0m.
[[0;32m  OK  [0m] Stopped [0;1;39mSave/Restore Sound Card State[0m.
[[0;32m  OK  [0m] Stopped [0;1;39mLoad/Save Random Seed[0m.
[[0;32m  OK  [0m] Stopped [0;1;39mSession c2 of User root[0m.
[[0;32m  OK  [0m] Stopped [0;1;39mSession c3 of User root[0m.
[[0;32m  OK  [0m] Removed slice [0;1;39mSlice /system/getty[0m.
[[0;32m  OK  [0m] Removed slice [0;1;39mSlice /system/serial-btattach[0m.
[[0;32m  OK  [0m] Removed slice [0;1;39mSlice /system/serial-getty[0m.
[[0;32m  OK  [0m] Stopped [0;1;39mTimer for Bluetooth attach service on ttymxc2[0m.
[[0;32m  OK  [0m] Stopped target [0;1;39mHost and Network Name Lookups[0m.
         Stopping [0;1;39mLinux Firmware Loader Daemon[0m...
[[0;32m  OK  [0m] Stopped [0;1;39m/etc/rc.local Compatibility[0m.
         Stopping [0;1;39mUser Login Management[0m...
         Stopping [0;1;39mUser Manager for UID 0[0m...
[[0;32m  OK  [0m] Stopped [0;1;39mLinux Firmware Loader Daemon[0m.
[[0;32m  OK  [0m] Stopped [0;1;39mUser Manager for UID 0[0m.
         Stopping [0;1;39mUser Runtime Directory /run/user/0[0m...
[[0;32m  OK  [0m] Unmounted [0;1;39m/run/user/0[0m.
[[0;32m  OK  [0m] Stopped [0;1;39mUser Login Management[0m.
[[0;32m  OK  [0m] Stopped [0;1;39mUser Runtime Directory /run/user/0[0m.
[[0;32m  OK  [0m] Removed slice [0;1;39mUser Slice of UID 0[0m.
         Stopping [0;1;39mPermit User Sessions[0m...
[[0;32m  OK  [0m] Stopped [0;1;39mPermit User Sessions[0m.
[[0;32m  OK  [0m] Stopped target [0;1;39mNetwork[0m.
[[0;32m  OK  [0m] Stopped target [0;1;39mRemote File Systems[0m.
         Stopping [0;1;39mConnection service[0m...
         Stopping [0;1;39mNetwork Configuration[0m...
         Stopping [0;1;39mWPA supplicant[0m...
[[0;32m  OK  [0m] Stopped [0;1;39mNetwork Configuration[0m.
[[0;32m  OK  [0m] Stopped [0;1;39mConnection service[0m.
[[0;32m  OK  [0m] Stopped target [0;1;39mPreparation for Network[0m.
[[0;32m  OK  [0m] Stopped [0;1;39mIPv6 Packet Filtering Framework[0m.
[[0;32m  OK  [0m] Stopped [0;1;39mIPv4 Packet Filtering Framework[0m.
[[0;32m  OK  [0m] Stopped [0;1;39mWPA supplicant[0m.
         Stopping [0;1;39mD-Bus System Message Bus[0m...
[[0;32m  OK  [0m] Stopped [0;1;39mD-Bus System Message Bus[0m.
[[0;32m  OK  [0m] Stopped target [0;1;39mBasic System[0m.
[[0;32m  OK  [0m] Stopped target [0;1;39mPath Units[0m.
[[0;32m  OK  [0m] Stopped [0;1;39mDispatch Password …ts to Console Directory Watch[0m.
[[0;32m  OK  [0m] Stopped [0;1;39mForward Password R…uests to Wall Directory Watch[0m.
[[0;32m  OK  [0m] Stopped target [0;1;39mSlice Units[0m.
[[0;32m  OK  [0m] Removed slice [0;1;39mUser and Session Slice[0m.
[[0;32m  OK  [0m] Stopped target [0;1;39mSocket Units[0m.
[[0;32m  OK  [0m] Closed [0;1;39mAvahi mDNS/DNS-SD Stack Activation Socket[0m.
[[0;32m  OK  [0m] Closed [0;1;39mD-Bus System Message Bus Socket[0m.
[[0;32m  OK  [0m] Closed [0;1;39mDocker Socket for the API[0m.
[[0;32m  OK  [0m] Closed [0;1;39mdropbear.socket[0m.
[[0;32m  OK  [0m] Closed [0;1;39mSyslog Socket[0m.
[[0;32m  OK  [0m] Closed [0;1;39mNetwork Service Netlink Socket[0m.
[[0;32m  OK  [0m] Closed [0;1;39mWeston socket[0m.
[[0;32m  OK  [0m] Stopped target [0;1;39mSystem Initialization[0m.
         Starting [0;1;39mConsole System Reboot Logging[0m...
         Stopping [0;1;39mLoad/Save Screen …of backlight:lvds_backlight[0m...
[[0;32m  OK  [0m] Stopped [0;1;39mApply Kernel Variables[0m.
[[0;32m  OK  [0m] Stopped [0;1;39mLoad Kernel Modules[0m.
         Stopping [0;1;39mNetwork Time Synchronization[0m...
[[0;32m  OK  [0m] Stopped [0;1;39mNetwork Time Synchronization[0m.
[[0;32m  OK  [0m] Finished [0;1;39mConsole System Reboot Logging[0m.
[[0;32m  OK  [0m] Stopped [0;1;39mLoad/Save Screen B…s of backlight:lvds_backlight[0m.
[[0;32m  OK  [0m] Removed slice [0;1;39mSlice /system/systemd-backlight[0m.
[[0;32m  OK  [0m] Stopped [0;1;39mCreate Volatile Files and Directories[0m.
[[0;32m  OK  [0m] Stopped target [0;1;39mLocal File Systems[0m.
         Unmounting [0;1;39m/run/media/boot-mmcblk2p1[0m...
         Unmounting [0;1;39mTemporary Directory /tmp[0m...
         Unmounting [0;1;39m/var/volatile[0m...
[[0;32m  OK  [0m] Unmounted [0;1;39m/run/media/boot-mmcblk2p1[0m.
[[0;32m  OK  [0m] Unmounted [0;1;39mTemporary Directory /tmp[0m.
[[0;32m  OK  [0m] Unmounted [0;1;39m/var/volatile[0m.
[[0;32m  OK  [0m] Stopped target [0;1;39mSwaps[0m.
[[0;32m  OK  [0m] Reached target [0;1;39mUnmount All Filesystems[0m.
[[0;32m  OK  [0m] Stopped [0;1;39mFile System Check on /dev/mmcblk2p1[0m.
[[0;32m  OK  [0m] Removed slice [0;1;39mSlice /system/systemd-fsck[0m.
[[0;32m  OK  [0m] Stopped target [0;1;39mPreparation for Local File Systems[0m.
[[0;32m  OK  [0m] Stopped [0;1;39mRemount Root and Kernel File Systems[0m.
[[0;32m  OK  [0m] Stopped [0;1;39mCreate Static Device Nodes in /dev[0m.
[[0;32m  OK  [0m] Reached target [0;1;39mSystem Shutdown[0m.
[[0;32m  OK  [0m] Reached target [0;1;39mLate Shutdown Services[0m.
[[0;32m  OK  [0m] Finished [0;1;39mSystem Reboot[0m.
[[0;32m  OK  [0m] Reached target [0;1;39mSystem Reboot[0m.
[   15.996007] watchdog: watchdog0: watchdog did not stop!
[   16.016265] systemd-shutdown[1]: Using hardware watchdog 'imx2+ watchdog', version 0, device /dev/watchdog0
[   16.026057] systemd-shutdown[1]: Watchdog running with a timeout of 10min.
[   16.042521] systemd-shutdown[1]: Syncing filesystems and block devices.
[   16.049391] systemd-shutdown[1]: Sending SIGTERM to remaining processes...
[   16.065874] systemd-journald[205]: Received SIGTERM from PID 1 (systemd-shutdow).
[   16.074684] audit: type=1335 audit(1651228839.943:5): pid=205 uid=0 auid=4294967295 tty=(none) ses=4294967295 comm="systemd-journal" exe="/lib/systemd/systemd-journald" nl-mcgrp=1 op=disconnect res=1
[   16.097122] systemd-shutdown[1]: Sending SIGKILL to remaining processes...
[   16.112537] systemd-shutdown[1]: Unmounting file systems.
[   16.120063] [615]: Remounting '/' read-only with options 'n/a'.
[   16.135039] EXT4-fs (mmcblk2p2): re-mounted. Opts: (null). Quota mode: none.
[   16.148229] systemd-shutdown[1]: All filesystems unmounted.
[   16.153877] systemd-shutdown[1]: Deactivating swaps.
[   16.159081] systemd-shutdown[1]: All swaps deactivated.
[   16.164484] systemd-shutdown[1]: Detaching loop devices.
[   16.172481] systemd-shutdown[1]: All loop devices detached.
[   16.178145] systemd-shutdown[1]: Stopping MD devices.
[   16.183456] systemd-shutdown[1]: All MD devices stopped.
[   16.188846] systemd-shutdown[1]: Detaching DM devices.
[   16.194247] systemd-shutdown[1]: All DM devices detached.
[   16.199689] systemd-shutdown[1]: All filesystems, swaps, loop devices, MD devices and DM devices detached.
[   16.243888] systemd-shutdown[1]: Syncing filesystems and block devices.
[   16.250744] systemd-shutdown[1]: Rebooting.
[   16.254960] kvm: exiting hardware virtualization
[   16.275460] ci_hdrc ci_hdrc.1: remove, state 1
[   16.279925] usb usb1: USB disconnect, device number 1
[   16.284980] usb 1-1: USB disconnect, device number 2
[   16.289948] usb 1-1.5: USB disconnect, device number 3
[   16.298180] ci_hdrc ci_hdrc.1: USB bus 1 deregistered
[   16.325211] imx2-wdt 30280000.watchdog: Device shutdown: Expect reboot!
[   16.332832] reboot: Restarting system
�������QQw
U-Boot SPL 2022.04-AUTOINC+gd5886ef0c7 (Dec 26 2023 - 09:32:37 +0000)
Can't find PMIC:PCA9450
dram_init: LPDDR4 4GB
DDRINFO: start DRAM init
DDRINFO: DRAM rate 3000MTS
DDRINFO:ddrphy calibration done
DDRINFO: ddrmix config done
Normal Boot
Trying to boot from MMC2
NOTICE:  BL31: v2.6(release):lf-5.15.71-2.2.2-0-gf4540f956
NOTICE:  BL31: Built : 06:10:48, Apr 13 2023


U-Boot 2022.04-AUTOINC+gd5886ef0c7 (Dec 26 2023 - 09:32:37 +0000)

alloc space exhausted
CPU:   i.MX8MMQ rev1.0 1800 MHz (running at 1200 MHz)
CPU:   Commercial temperature grade (0C to 95C) at 64C
Reset cause: POR
Model: TechNexion EDM-G-IMX8MM and Wandboard baseboard
DRAM:  alloc space exhausted
4 GiB
Core:  75 devices, 20 uclasses, devicetree: separate
MMC:   FSL_SDHC: 0, FSL_SDHC: 1, FSL_SDHC: 2
Loading Environment from MMC... OK
Fail to setup video link
In:    serial
Out:   serial
Err:   serial
SEC0:  RNG instantiated

 BuildInfo:
  - ATF f4540f9

########switch to partitions #0, OK
mmc2(part 0) is current device
flash target is MMC:2
Net:   eth0: ethernet@30be0000
Fastboot: Normal
Normal Boot
Hit any key to stop autoboot:  2  1  0 
starting USB...
Bus usb@32e40000: Port not available.
Bus usb@32e50000: USB EHCI 1.00
scanning bus usb@32e50000 for devices... 3 USB Device(s) found
       scanning usb for storage devices... 0 Storage Device(s) found

Device 0: unknown device
MMC: no card present
switch to partitions #0, OK
mmc2(part 0) is current device
Scanning mmc 2:1...
60746 bytes read in 2 ms (29 MiB/s)
7[r[999;999H[6n8Card did not respond to voltage select! : -110
Scanning disk mmc@30b40000.blk...
Disk mmc@30b40000.blk not ready
MMC: no card present
Scanning disk mmc@30b50000.blk...
Disk mmc@30b50000.blk not ready
Scanning disk mmc@30b60000.blk...
Found 3 disks
No EFI system partition
BootOrder not defined
EFI boot manager: Cannot load any image
Running BSP bootcmd ...
switch to partitions #0, OK
mmc2(part 0) is current device
Failed to load 'boot.scr'
26841600 bytes read in 156 ms (164.1 MiB/s)
Booting from mmc ...
60746 bytes read in 2 ms (29 MiB/s)
Overlaying sn65dsi84-vl10112880...
Loading imx8mm-edm-g-wb-sn65dsi84-vl10112880.dtbo...
2990 bytes read in 1 ms (2.9 MiB/s)
Moving Image from 0x40480000 to 0x40600000, end=42030000
## Flattened Device Tree blob at 43000000
   Booting using the fdt blob at 0x43000000
   Using Device Tree in place at 0000000043000000, end 0000000043019fff

Starting kernel ...

[    0.000000] Booting Linux on physical CPU 0x0000000000 [0x410fd034]
[    0.000000] Linux version 5.15.71+g45d3db9701ef (oe-user@oe-host) (aarch64-poky-linux-gcc (GCC) 11.3.0, GNU ld (GNU Binutils) 2.38.20220708) #1 SMP PREEMPT Thu Feb 15 08:24:24 UTC 2024
[    0.000000] Machine model: TechNexion EDM-G-IMX8MM and WB baseboard
[    0.000000] efi: UEFI not found.
[    0.000000] Reserved memory: created CMA memory pool at 0x0000000098000000, size 640 MiB
[    0.000000] OF: reserved mem: initialized node linux,cma, compatible id shared-dma-pool
[    0.000000] NUMA: No NUMA configuration found
[    0.000000] NUMA: Faking a node at [mem 0x0000000040000000-0x000000013fffffff]
[    0.000000] NUMA: NODE_DATA [mem 0x13f7b5700-0x13f7b7fff]
[    0.000000] Zone ranges:
[    0.000000]   DMA      [mem 0x0000000040000000-0x00000000ffffffff]
[    0.000000]   DMA32    empty
[    0.000000]   Normal   [mem 0x0000000100000000-0x000000013fffffff]
[    0.000000] Movable zone start for each node
[    0.000000] Early memory node ranges
[    0.000000]   node   0: [mem 0x0000000040000000-0x000000013fffffff]
[    0.000000] Initmem setup node 0 [mem 0x0000000040000000-0x000000013fffffff]
[    0.000000] psci: probing for conduit method from DT.
[    0.000000] psci: PSCIv1.1 detected in firmware.
[    0.000000] psci: Using standard PSCI v0.2 function IDs
[    0.000000] psci: MIGRATE_INFO_TYPE not supported.
[    0.000000] psci: SMC Calling Convention v1.2
[    0.000000] percpu: Embedded 20 pages/cpu s41368 r8192 d32360 u81920
[    0.000000] Detected VIPT I-cache on CPU0
[    0.000000] CPU features: detected: GIC system register CPU interface
[    0.000000] CPU features: detected: ARM erratum 845719
[    0.000000] Built 1 zonelists, mobility grouping on.  Total pages: 1032192
[    0.000000] Policy zone: Normal
[    0.000000] Kernel command line: console=ttymxc1,115200 root=/dev/mmcblk2p2 rootwait rw
[    0.000000] Dentry cache hash table entries: 524288 (order: 10, 4194304 bytes, linear)
[    0.000000] Inode-cache hash table entries: 262144 (order: 9, 2097152 bytes, linear)
[    0.000000] mem auto-init: stack:off, heap alloc:off, heap free:off
[    0.000000] software IO TLB: mapped [mem 0x00000000fbfff000-0x00000000fffff000] (64MB)
[    0.000000] Memory: 3365272K/4194304K available (16768K kernel code, 1444K rwdata, 5204K rodata, 2688K init, 535K bss, 173672K reserved, 655360K cma-reserved)
[    0.000000] SLUB: HWalign=64, Order=0-3, MinObjects=0, CPUs=4, Nodes=1
[    0.000000] rcu: Preemptible hierarchical RCU implementation.
[    0.000000] rcu: 	RCU event tracing is enabled.
[    0.000000] rcu: 	RCU restricting CPUs from NR_CPUS=256 to nr_cpu_ids=4.
[    0.000000] 	Trampoline variant of Tasks RCU enabled.
[    0.000000] rcu: RCU calculated value of scheduler-enlistment delay is 25 jiffies.
[    0.000000] rcu: Adjusting geometry for rcu_fanout_leaf=16, nr_cpu_ids=4
[    0.000000] NR_IRQS: 64, nr_irqs: 64, preallocated irqs: 0
[    0.000000] GICv3: GIC: Using split EOI/Deactivate mode
[    0.000000] GICv3: 128 SPIs implemented
[    0.000000] GICv3: 0 Extended SPIs implemented
[    0.000000] GICv3: Distributor has no Range Selector support
[    0.000000] Root IRQ handler: gic_handle_irq
[    0.000000] GICv3: 16 PPIs implemented
[    0.000000] GICv3: CPU0: found redistributor 0 region 0:0x0000000038880000
[    0.000000] ITS: No ITS available, not enabling LPIs
[    0.000000] arch_timer: cp15 timer(s) running at 8.00MHz (phys).
[    0.000000] clocksource: arch_sys_counter: mask: 0xffffffffffffff max_cycles: 0x1d854df40, max_idle_ns: 440795202120 ns
[    0.000000] sched_clock: 56 bits at 8MHz, resolution 125ns, wraps every 2199023255500ns
[    0.000428] Console: colour dummy device 80x25
[    0.000496] Calibrating delay loop (skipped), value calculated using timer frequency.. 16.00 BogoMIPS (lpj=32000)
[    0.000509] pid_max: default: 32768 minimum: 301
[    0.000564] LSM: Security Framework initializing
[    0.000655] Mount-cache hash table entries: 8192 (order: 4, 65536 bytes, linear)
[    0.000675] Mountpoint-cache hash table entries: 8192 (order: 4, 65536 bytes, linear)
[    0.002070] rcu: Hierarchical SRCU implementation.
[    0.003100] EFI services will not be available.
[    0.003294] smp: Bringing up secondary CPUs ...
[    0.003719] Detected VIPT I-cache on CPU1
[    0.003749] GICv3: CPU1: found redistributor 1 region 0:0x00000000388a0000
[    0.003794] CPU1: Booted secondary processor 0x0000000001 [0x410fd034]
[    0.004305] Detected VIPT I-cache on CPU2
[    0.004327] GICv3: CPU2: found redistributor 2 region 0:0x00000000388c0000
[    0.004353] CPU2: Booted secondary processor 0x0000000002 [0x410fd034]
[    0.004771] Detected VIPT I-cache on CPU3
[    0.004795] GICv3: CPU3: found redistributor 3 region 0:0x00000000388e0000
[    0.004818] CPU3: Booted secondary processor 0x0000000003 [0x410fd034]
[    0.004879] smp: Brought up 1 node, 4 CPUs
[    0.004904] SMP: Total of 4 processors activated.
[    0.004912] CPU features: detected: 32-bit EL0 Support
[    0.004918] CPU features: detected: 32-bit EL1 Support
[    0.004926] CPU features: detected: CRC32 instructions
[    0.012046] CPU: All CPU(s) started at EL2
[    0.012082] alternatives: patching kernel code
[    0.013670] devtmpfs: initialized
[    0.020511] KASLR disabled due to lack of seed
[    0.020660] clocksource: jiffies: mask: 0xffffffff max_cycles: 0xffffffff, max_idle_ns: 7645041785100000 ns
[    0.020677] futex hash table entries: 1024 (order: 4, 65536 bytes, linear)
[    0.039266] pinctrl core: initialized pinctrl subsystem
[    0.039794] DMI not present or invalid.
[    0.040416] NET: Registered PF_NETLINK/PF_ROUTE protocol family
[    0.045418] DMA: preallocated 512 KiB GFP_KERNEL pool for atomic allocations
[    0.045777] DMA: preallocated 512 KiB GFP_KERNEL|GFP_DMA pool for atomic allocations
[    0.046157] DMA: preallocated 512 KiB GFP_KERNEL|GFP_DMA32 pool for atomic allocations
[    0.046260] audit: initializing netlink subsys (disabled)
[    0.046486] audit: type=2000 audit(0.044:1): state=initialized audit_enabled=0 res=1
[    0.047041] thermal_sys: Registered thermal governor 'step_wise'
[    0.047046] thermal_sys: Registered thermal governor 'power_allocator'
[    0.047229] cpuidle: using governor menu
[    0.047419] hw-breakpoint: found 6 breakpoint and 4 watchpoint registers.
[    0.047505] ASID allocator initialised with 65536 entries
[    0.048396] imx mu driver is registered.
[    0.048430] imx rpmsg driver is registered.
[    0.058115] imx8mm-pinctrl 30330000.pinctrl: initialized IMX pinctrl driver
[    0.068343] platform 32e10000.mipi_dsi: Fixing up cyclic dependency with 32e00000.lcdif
[    0.089272] HugeTLB registered 1.00 GiB page size, pre-allocated 0 pages
[    0.089290] HugeTLB registered 32.0 MiB page size, pre-allocated 0 pages
[    0.089297] HugeTLB registered 2.00 MiB page size, pre-allocated 0 pages
[    0.089303] HugeTLB registered 64.0 KiB page size, pre-allocated 0 pages
[    0.090462] cryptd: max_cpu_qlen set to 1000
[    0.093513] ACPI: Interpreter disabled.
[    0.094069] iommu: Default domain type: Translated 
[    0.094077] iommu: DMA domain TLB invalidation policy: strict mode 
[    0.094209] vgaarb: loaded
[    0.094467] SCSI subsystem initialized
[    0.094777] usbcore: registered new interface driver usbfs
[    0.094811] usbcore: registered new interface driver hub
[    0.094845] usbcore: registered new device driver usb
[    0.095641] mc: Linux media interface: v0.10
[    0.095668] videodev: Linux video capture interface: v2.00
[    0.095737] pps_core: LinuxPPS API ver. 1 registered
[    0.095743] pps_core: Software ver. 5.3.6 - Copyright 2005-2007 Rodolfo Giometti &lt;giometti@linux.it&gt;
[    0.095760] PTP clock support registered
[    0.095908] EDAC MC: Ver: 3.0.0
[    0.097053] Advanced Linux Sound Architecture Driver Initialized.
[    0.097558] Bluetooth: Core ver 2.22
[    0.097584] NET: Registered PF_BLUETOOTH protocol family
[    0.097591] Bluetooth: HCI device and connection manager initialized
[    0.097602] Bluetooth: HCI socket layer initialized
[    0.097610] Bluetooth: L2CAP socket layer initialized
[    0.097625] Bluetooth: SCO socket layer initialized
[    0.098213] clocksource: Switched to clocksource arch_sys_counter
[    0.098348] VFS: Disk quotas dquot_6.6.0
[    0.098392] VFS: Dquot-cache hash table entries: 512 (order 0, 4096 bytes)
[    0.098539] pnp: PnP ACPI: disabled
[    0.104395] NET: Registered PF_INET protocol family
[    0.104581] IP idents hash table entries: 65536 (order: 7, 524288 bytes, linear)
[    0.106165] tcp_listen_portaddr_hash hash table entries: 2048 (order: 3, 32768 bytes, linear)
[    0.106237] Table-perturb hash table entries: 65536 (order: 6, 262144 bytes, linear)
[    0.106253] TCP established hash table entries: 32768 (order: 6, 262144 bytes, linear)
[    0.106494] TCP bind hash table entries: 32768 (order: 7, 524288 bytes, linear)
[    0.106964] TCP: Hash tables configured (established 32768 bind 32768)
[    0.107065] UDP hash table entries: 2048 (order: 4, 65536 bytes, linear)
[    0.107152] UDP-Lite hash table entries: 2048 (order: 4, 65536 bytes, linear)
[    0.107351] NET: Registered PF_UNIX/PF_LOCAL protocol family
[    0.107753] RPC: Registered named UNIX socket transport module.
[    0.107760] RPC: Registered udp transport module.
[    0.107766] RPC: Registered tcp transport module.
[    0.107772] RPC: Registered tcp NFSv4.1 backchannel transport module.
[    0.108477] PCI: CLS 0 bytes, default 64
[    0.108979] hw perfevents: enabled with armv8_cortex_a53 PMU driver, 7 counters available
[    0.109707] kvm [1]: IPA Size Limit: 40 bits
[    0.110870] kvm [1]: GICv3: no GICV resource entry
[    0.110879] kvm [1]: disabling GICv2 emulation
[    0.110893] kvm [1]: GIC system register CPU interface enabled
[    0.110975] kvm [1]: vgic interrupt IRQ9
[    0.111095] kvm [1]: Hyp mode initialized successfully
[    0.114397] Initialise system trusted keyrings
[    0.114546] workingset: timestamp_bits=42 max_order=20 bucket_order=0
[    0.120121] squashfs: version 4.0 (2009/01/31) Phillip Lougher
[    0.120823] 9p: Installing v9fs 9p2000 file system support
[    0.157673] NET: Registered PF_ALG protocol family
[    0.157687] Key type asymmetric registered
[    0.157693] Asymmetric key parser 'x509' registered
[    0.157753] Block layer SCSI generic (bsg) driver version 0.4 loaded (major 244)
[    0.157762] io scheduler mq-deadline registered
[    0.157768] io scheduler kyber registered
[    0.163354] EINJ: ACPI disabled.
[    0.173079] imx-sdma 302c0000.dma-controller: Direct firmware load for imx/sdma/sdma-imx7d.bin failed with error -2
[    0.173102] imx-sdma 302c0000.dma-controller: Falling back to sysfs fallback for: imx/sdma/sdma-imx7d.bin
[    0.179327] mxs-dma 33000000.dma-controller: initialized
[    0.180407] SoC: i.MX8MM revision 1.0
[    0.180925] Bus freq driver module loaded
[    0.186381] 30860000.serial: ttymxc0 at MMIO 0x30860000 (irq = 42, base_baud = 5000000) is a IMX
[    0.186895] 30880000.serial: ttymxc2 at MMIO 0x30880000 (irq = 43, base_baud = 5000000) is a IMX
[    0.187220] clk: failed to reparent uart2 to sys_pll1_80m: -16
[    0.187338] 30890000.serial: ttymxc1 at MMIO 0x30890000 (irq = 44, base_baud = 1500000) is a IMX
[    1.185131] printk: console [ttymxc1] enabled
[    1.197779] imx-drm 32c00000.bus:display-subsystem: bound imx-lcdif-crtc.0 (ops 0xffff80000914bdd0)
[    1.206996] imx_sec_dsim_drv 32e10000.mipi_dsi: version number is 0x1060200
[    1.214188] [drm:drm_bridge_attach] *ERROR* failed to attach bridge /soc@0/bus@32c00000/mipi_dsi@32e10000 to encoder DSI-34: -19
[    1.225790] imx_sec_dsim_drv 32e10000.mipi_dsi: Failed to attach bridge: 32e10000.mipi_dsi
[    1.234128] imx_sec_dsim_drv 32e10000.mipi_dsi: failed to bind sec dsim bridge: -517
[    1.251071] loop: module loaded
[    1.254439] pn54x_dev_init
[    1.258050] of_reserved_mem_lookup() returned NULL
[    1.262923] megasas: 07.717.02.00-rc1
[    1.268063] imx ahci driver is registered.
[    1.276145] tun: Universal TUN/TAP device driver, 1.6
[    1.282984] PPP generic driver version 2.4.2
[    1.287577] VFIO - User Level meta-driver version: 0.3
[    1.294868] ehci_hcd: USB 2.0 'Enhanced' Host Controller (EHCI) Driver
[    1.301411] ehci-pci: EHCI PCI platform driver
[    1.305889] ehci-platform: EHCI generic platform driver
[    1.311306] ohci_hcd: USB 1.1 'Open' Host Controller (OHCI) Driver
[    1.317511] ohci-pci: OHCI PCI platform driver
[    1.321987] ohci-platform: OHCI generic platform driver
[    1.327933] usbcore: registered new interface driver uas
[    1.333299] usbcore: registered new interface driver usb-storage
[    1.339376] usbcore: registered new interface driver usbserial_generic
[    1.345925] usbserial: USB Serial support registered for generic
[    1.351960] usbcore: registered new interface driver ftdi_sio
[    1.357723] usbserial: USB Serial support registered for FTDI USB Serial Device
[    1.365064] usbcore: registered new interface driver usb_serial_simple
[    1.371614] usbserial: USB Serial support registered for carelink
[    1.377727] usbserial: USB Serial support registered for zio
[    1.383411] usbserial: USB Serial support registered for funsoft
[    1.389437] usbserial: USB Serial support registered for flashloader
[    1.395811] usbserial: USB Serial support registered for google
[    1.401751] usbserial: USB Serial support registered for libtransistor
[    1.408299] usbserial: USB Serial support registered for vivopay
[    1.414327] usbserial: USB Serial support registered for moto_modem
[    1.420614] usbserial: USB Serial support registered for motorola_tetra
[    1.427250] usbserial: USB Serial support registered for nokia
[    1.433104] usbserial: USB Serial support registered for novatel_gps
[    1.439476] usbserial: USB Serial support registered for hp4x
[    1.445243] usbserial: USB Serial support registered for suunto
[    1.451187] usbserial: USB Serial support registered for siemens_mpi
[    1.457568] usbcore: registered new interface driver xr_serial
[    1.463423] usbserial: USB Serial support registered for xr_serial
[    1.472195] usbcore: registered new interface driver usbtouchscreen
[    1.479285] snvs_rtc 30370000.snvs:snvs-rtc-lp: registered as rtc0
[    1.485603] i2c_dev: i2c /dev entries driver
[    1.493037] Bluetooth: HCI UART driver ver 2.3
[    1.497512] Bluetooth: HCI UART protocol H4 registered
[    1.502661] Bluetooth: HCI UART protocol BCSP registered
[    1.508004] Bluetooth: HCI UART protocol LL registered
[    1.513151] Bluetooth: HCI UART protocol ATH3K registered
[    1.518577] Bluetooth: HCI UART protocol Three-wire (H5) registered
[    1.524931] Bluetooth: HCI UART protocol Broadcom registered
[    1.530616] Bluetooth: HCI UART protocol QCA registered
[    1.537267] sdhci: Secure Digital Host Controller Interface driver
[    1.543471] sdhci: Copyright(c) Pierre Ossman
[    1.548446] Synopsys Designware Multimedia Card Interface Driver
[    1.555043] sdhci-pltfm: SDHCI platform and OF driver helper
[    1.562996] ledtrig-cpu: registered to indicate activity on CPUs
[    1.569837] SMCCC: SOC_ID: ARCH_SOC_ID not implemented, skipping ....
[    1.576777] usbcore: registered new interface driver usbhid
[    1.582364] usbhid: USB HID core driver
[    1.590349]  cs_system_cfg: CoreSight Configuration manager initialised
[    1.593701] mmc2: SDHCI controller on 30b60000.mmc [30b60000.mmc] using ADMA
[    1.599615] galcore: clk_get vg clock failed, disable vg!
[    1.609782] Galcore version 6.4.3.p4.398061
[    1.672096] [drm] Initialized vivante 1.0.0 20170808 for 38000000.gpu on minor 0
[    1.675584] mmc2: new HS400 Enhanced strobe MMC card at address 0001
[    1.681116] hantrodec 0 : module inserted. Major = 234
[    1.686692] mmcblk2: mmc2:0001 TX2932 29.1 GiB 
[    1.691589] hantrodec 1 : module inserted. Major = 234
[    1.697889]  mmcblk2: p1 p2
[    1.701701] hx280enc: module inserted. Major &lt;511&gt;
[    1.705302] mmcblk2boot0: mmc2:0001 TX2932 4.00 MiB 
[    1.712448] NET: Registered PF_LLC protocol family
[    1.714402] mmcblk2boot1: mmc2:0001 TX2932 4.00 MiB 
[    1.718595] NET: Registered PF_INET6 protocol family
[    1.724290] mmcblk2rpmb: mmc2:0001 TX2932 4.00 MiB, chardev (235:0)
[    1.729772] Segment Routing with IPv6
[    1.738007] In-situ OAM (IOAM) with IPv6
[    1.741981] NET: Registered PF_PACKET protocol family
[    1.748090] Bluetooth: RFCOMM TTY layer initialized
[    1.753016] Bluetooth: RFCOMM socket layer initialized
[    1.758184] Bluetooth: RFCOMM ver 1.11
[    1.761947] Bluetooth: BNEP (Ethernet Emulation) ver 1.3
[    1.767268] Bluetooth: BNEP filters: protocol multicast
[    1.772501] Bluetooth: BNEP socket layer initialized
[    1.777469] Bluetooth: HIDP (Human Interface Emulation) ver 1.2
[    1.783397] Bluetooth: HIDP socket layer initialized
[    1.789077] 8021q: 802.1Q VLAN Support v1.8
[    1.793298] lib80211: common routines for IEEE802.11 drivers
[    1.799069] 9pnet: Installing 9P2000 support
[    1.803377] tsn generic netlink module v1 init...
[    1.808165] Key type dns_resolver registered
[    1.813161] Loading compiled-in X.509 certificates
[    1.843353] usb_phy_generic usbphynop1: supply vcc not found, using dummy regulator
[    1.851134] usb_phy_generic usbphynop1: dummy supplies not allowed for exclusive requests
[    1.859446] usb_phy_generic usbphynop2: supply vcc not found, using dummy regulator
[    1.867201] usb_phy_generic usbphynop2: dummy supplies not allowed for exclusive requests
[    1.937781] nxp-pca9450 0-0025: pca9450a probed.
[    2.003342] sn65dsi84 0-002d: Valid sn65dsi84 chip id
[    2.104691] sn65dsi84 0-002d: Soft reset to default
[    2.109799] at24 0-0053: supply vcc not found, using dummy regulator
[    2.119175] at24 0-0053: 256 byte 24c02 EEPROM, writable, 16 bytes/write
[    2.126081] at24 0-0051: supply vcc not found, using dummy regulator
[    2.135410] at24 0-0051: 256 byte 24c02 EEPROM, writable, 16 bytes/write
[    2.142187] i2c i2c-0: IMX I2C adapter registered
[    2.148540] i2c 1-0067: Fixing up cyclic dependency with 32e40000.usb
[    2.155327] hd3ss3220 1-0067: No vbus found.(Normal if USB2.0 or lower.)
[    2.164408] pca953x 1-0021: supply vcc not found, using dummy regulator
[    2.171149] pca953x 1-0021: using no AI
[    2.181295] pca953x 1-0023: supply vcc not found, using dummy regulator
[    2.188015] pca953x 1-0023: using no AI
[    2.205223] i2c i2c-1: IMX I2C adapter registered
[    2.211764] i2c i2c-2: IMX I2C adapter registered
[    2.218067] pn54x_probe
[    2.220551] pn544 3-002a: VEN GPIO &lt;OPTIONAL&gt; error getting from OF node
[    2.227269] pn544 3-002a: FIRM GPIO &lt;OPTIONAL&gt; error getting from OF node
[    2.234084] pn544 3-002a: CLKREQ GPIO &lt;OPTIONAL&gt; error getting from OF node
[    2.241073] pn544 3-002a: supply nxp,pn54x-pvdd not found, using dummy regulator
[    2.248568] pn544 3-002a: supply nxp,pn54x-vbat not found, using dummy regulator
[    2.256024] pn544 3-002a: supply nxp,pn54x-pmuvcc not found, using dummy regulator
